ELF Header:
  Magic:   7f 45 4c 46 01 01 01 00 00 00 00 00 00 00 00 00 
  Class:                             ELF32
  Data:                              2's complement, little endian
  Version:                           1 (current)
  OS/ABI:                            UNIX - System V
  ABI Version:                       0
  Type:                              EXEC (Executable file)
  Machine:                           CSKY
  Version:                           0x1
  Entry point address:               0x2108
  Start of program headers:          52 (bytes into file)
  Start of section headers:          393924 (bytes into file)
  Flags:                             0x21000000
  Size of this header:               52 (bytes)
  Size of program headers:           32 (bytes)
  Number of program headers:         2
  Size of section headers:           40 (bytes)
  Number of section headers:         220
  Section header string table index: 217

Section Headers:
  [Nr] Name              Type            Addr     Off    Size   ES Flg Lk Inf Al
  [ 0]                   NULL            00000000 000000 000000 00      0   0  0
  [ 1] .text             PROGBITS        00002000 001000 002858 00  AX  0   0 1024
  [ 2] .text.__main      PROGBITS        00004858 003858 000038 00  AX  0   0  4
  [ 3] .text.SYSCON_Gene PROGBITS        00004890 003890 000078 00  AX  0   0  4
  [ 4] .text.SYSCON_RST_ PROGBITS        00004908 003908 000058 00  AX  0   0  4
  [ 5] .text.SYSCON_Gene PROGBITS        00004960 003960 000030 00  AX  0   0  4
  [ 6] .text.SystemCLK_H PROGBITS        00004990 003990 00007c 00  AX  0   0  4
  [ 7] .text.SYSCON_HFOS PROGBITS        00004a0c 003a0c 000028 00  AX  0   0  4
  [ 8] .text.SYSCON_WDT_ PROGBITS        00004a34 003a34 00003c 00  AX  0   0  4
  [ 9] .text.SYSCON_IWDC PROGBITS        00004a70 003a70 000014 00  AX  0   0  4
  [10] .text.SYSCON_IWDC PROGBITS        00004a84 003a84 000018 00  AX  0   0  4
  [11] .text.SYSCON_LVD_ PROGBITS        00004a9c 003a9c 000020 00  AX  0   0  4
  [12] .text.EXTI_trigge PROGBITS        00004abc 003abc 000040 00  AX  0   0  4
  [13] .text.EXTI_interr PROGBITS        00004afc 003afc 000034 00  AX  0   0  4
  [14] .text.PCLK_goto_d PROGBITS        00004b30 003b30 000014 00  AX  0   0  4
  [15] .text.EXI0_Int_En PROGBITS        00004b44 003b44 00000c 00  AX  0   0  4
  [16] .text.EXI1_Int_En PROGBITS        00004b50 003b50 000010 00  AX  0   0  4
  [17] .text.EXI2_Int_En PROGBITS        00004b60 003b60 000010 00  AX  0   0  4
  [18] .text.EXI3_Int_En PROGBITS        00004b70 003b70 000010 00  AX  0   0  4
  [19] .text.EXI0_WakeUp PROGBITS        00004b80 003b80 00000c 00  AX  0   0  4
  [20] .text.EXI1_WakeUp PROGBITS        00004b8c 003b8c 000010 00  AX  0   0  4
  [21] .text.EXI1_WakeUp PROGBITS        00004b9c 003b9c 000010 00  AX  0   0  4
  [22] .text.EXI2_WakeUp PROGBITS        00004bac 003bac 000010 00  AX  0   0  4
  [23] .text.EXI3_WakeUp PROGBITS        00004bbc 003bbc 000010 00  AX  0   0  4
  [24] .text.EXI3_WakeUp PROGBITS        00004bcc 003bcc 000010 00  AX  0   0  4
  [25] .text.SYSCON_INT_ PROGBITS        00004bdc 003bdc 000030 00  AX  0   0  4
  [26] .text.CORET_DeIni PROGBITS        00004c0c 003c0c 000018 00  AX  0   0  4
  [27] .text.CORET_Int_D PROGBITS        00004c24 003c24 00000c 00  AX  0   0  4
  [28] .text.CORET_start PROGBITS        00004c30 003c30 000010 00  AX  0   0  4
  [29] .text.CORET_stop  PROGBITS        00004c40 003c40 000010 00  AX  0   0  4
  [30] .text.CORET_CLKSO PROGBITS        00004c50 003c50 000010 00  AX  0   0  4
  [31] .text.CORET_TICKI PROGBITS        00004c60 003c60 000010 00  AX  0   0  4
  [32] .text.CORET_reloa PROGBITS        00004c70 003c70 000010 00  AX  0   0  4
  [33] .text.GPIO_Init   PROGBITS        00004c80 003c80 0000e0 00  AX  0   0  4
  [34] .text.GPIO_InPutO PROGBITS        00004d60 003d60 0000a4 00  AX  0   0  4
  [35] .text.GPIO_PullHi PROGBITS        00004e04 003e04 000014 00  AX  0   0  2
  [36] .text.GPIO_PullLo PROGBITS        00004e18 003e18 000014 00  AX  0   0  2
  [37] .text.GPIO_PullHi PROGBITS        00004e2c 003e2c 00000e 00  AX  0   0  2
  [38] .text.GPIO_IntGro PROGBITS        00004e3c 003e3c 00010c 00  AX  0   0  4
  [39] .text.GPIOA0_EXI_ PROGBITS        00004f48 003f48 0000fc 00  AX  0   0  4
  [40] .text.GPIO_EXI_EN PROGBITS        00005044 004044 00000c 00  AX  0   0  2
  [41] .text.GPIO_Write_ PROGBITS        00005050 004050 000008 00  AX  0   0  2
  [42] .text.GPIO_Write_ PROGBITS        00005058 004058 000008 00  AX  0   0  2
  [43] .text.GPIO_Revers PROGBITS        00005060 004060 000016 00  AX  0   0  2
  [44] .text.GPIO_Read_S PROGBITS        00005076 004076 000010 00  AX  0   0  2
  [45] .text.LPT_DeInit  PROGBITS        00005088 004088 00003c 00  AX  0   0  4
  [46] .text.LPT_Configu PROGBITS        000050c4 0040c4 00002c 00  AX  0   0  4
  [47] .text.LPT_Period_ PROGBITS        000050f0 0040f0 000010 00  AX  0   0  4
[...]
	$t                                 0x000060c4               0  .text.SYSCONIntHandler
	$d                                 0x000061a4               0  .text.SYSCONIntHandler
	$d                                 0x000061a8               0  .text.IFCIntHandler
	$t                                 0x000061a8               0  .text.IFCIntHandler
	$d                                 0x0000627c               0  .text.IFCIntHandler
	$d                                 0x00006294               0  .text.BT0IntHandler
	$t                                 0x00006294               0  .text.BT0IntHandler
	$d                                 0x0000634c               0  .text.BT0IntHandler
	$d                                 0x00006354               0  .text.GPT0IntHandler
	$t                                 0x00006354               0  .text.GPT0IntHandler
	$d                                 0x0000649c               0  .text.GPT0IntHandler
	$d                                 0x000064a4               0  .text.WWDTHandler
	$t                                 0x000064a4               0  .text.WWDTHandler
	$d                                 0x000064e8               0  .text.WWDTHandler
	$d                                 0x000064f0               0  .text.BT1IntHandler
	$t                                 0x000064f0               0  .text.BT1IntHandler
	$d                                 0x00006530               0  .text.BT1IntHandler
	$d                                 0x00006538               0  .text.RTCIntHandler
	$t                                 0x00006538               0  .text.RTCIntHandler
	$d                                 0x000065a0               0  .text.RTCIntHandler
	$d                                 0x000065a8               0  .text.UART0IntHandler
	$t                                 0x000065a8               0  .text.UART0IntHandler
	$d                                 0x000065ec               0  .text.UART0IntHandler
	$d                                 0x000065f4               0  .text.UART1IntHandler
	$t                                 0x000065f4               0  .text.UART1IntHandler
	$d                                 0x00006674               0  .text.UART1IntHandler
	$d                                 0x00006684               0  .text.I2CIntHandler
	$t                                 0x00006684               0  .text.I2CIntHandler
	$d                                 0x00006698               0  .text.SPI0IntHandler
	$t                                 0x00006698               0  .text.SPI0IntHandler
	$d                                 0x000066d0               0  .text.SPI0IntHandler
	$d                                 0x000066d4               0  .text.SIO0IntHandler
	$t                                 0x000066d4               0  .text.SIO0IntHandler
	$d                                 0x0000674c               0  .text.SIO0IntHandler
	$d                                 0x00006758               0  .text.EXI9to13IntHandler
	$t                                 0x00006758               0  .text.EXI9to13IntHandler
	$d                                 0x000067a8               0  .text.EXI9to13IntHandler
	$d                                 0x000067ac               0  .text.PriviledgeVioHandler
	$t                                 0x000067ac               0  .text.PriviledgeVioHandler
	$d                                 0x000067ae               0  .text.PendTrapHandler
	$t                                 0x000067ae               0  .text.PendTrapHandler
	$d                                 0x000067b6               0  .text.Trap3Handler
	$t                                 0x000067b6               0  .text.Trap3Handler
	$d                                 0x000067be               0  .text.Trap2Handler
	$t                                 0x000067be               0  .text.Trap2Handler
	$d                                 0x000067c6               0  .text.Trap1Handler
	$t                                 0x000067c6               0  .text.Trap1Handler
	$d                                 0x000067ce               0  .text.Trap0Handler
	$t                                 0x000067ce               0  .text.Trap0Handler
	$d                                 0x000067d6               0  .text.UnrecExecpHandler
	$t                                 0x000067d6               0  .text.UnrecExecpHandler
	$d                                 0x000067de               0  .text.BreakPointHandler
	$t                                 0x000067de               0  .text.BreakPointHandler
	$d                                 0x000067e6               0  .text.AccessErrHandler
	$t                                 0x000067e6               0  .text.AccessErrHandler
	$d                                 0x000067ee               0  .text.IllegalInstrHandler
	$t                                 0x000067ee               0  .text.IllegalInstrHandler
	$d                                 0x000067f6               0  .text.MisalignedHandler
	$t                                 0x000067f6               0  .text.MisalignedHandler
	$d                                 0x000067fe               0  .text.TKEYIntHandler
	$t                                 0x000067fe               0  .text.TKEYIntHandler
	$d                                 0x00006806               0  .text.CNTAIntHandler
	$t                                 0x00006806               0  .text.CNTAIntHandler
	$d                                 0x0000680e               0  .text.ADCIntHandler
	$t                                 0x0000680e               0  .text.ADCIntHandler
	$d                                 0x00006818               0  .text.startup.main
	$t                                 0x00006818               0  .text.startup.main
	$d                                 0x00006964               0  .text.startup.main
	$d                                 0x00006984               0  .text.delayus_Bycode
	$t                                 0x00006984               0  .text.delayus_Bycode
	$d                                 0x000069ae               0  .text.delayms_Bycode
	$t                                 0x000069ae               0  .text.delayms_Bycode
	$d                                 0x000069cc               0  .text.JumpToIAP
	$t                                 0x000069cc               0  .text.JumpToIAP
	$d                                 0x000069e0               0  .text.JumpToIAP
	$d                                 0x000069e8               0  .text.prog_uart_send
	$t                                 0x000069e8               0  .text.prog_uart_send
	$d                                 0x00006a08               0  .text.prog_uart_send
	$d                                 0x00006a0c               0  .text.SendRstACK
	$t                                 0x00006a0c               0  .text.SendRstACK
	$d                                 0x00006a44               0  .text.SendRstACK
	$d                                 0x00006a48               0  .text.wait_syncpin_release
	$t                                 0x00006a48               0  .text.wait_syncpin_release
	$d                                 0x00006a9c               0  .text.wait_syncpin_release
	$d                                 0x00006aa0               0  .text.program_trig_check
	$t                                 0x00006aa0               0  .text.program_trig_check
	$d                                 0x00006ad4               0  .text.program_trig_check
	$d                                 0x00006ae0               0  .text.__divsi3
	$t                                 0x00006ae0               0  .text.__divsi3
	$d                                 0x00006b00               0  .text.__divsi3
	$d                                 0x00006b04               0  .text.__udivsi3
	$t                                 0x00006b04               0  .text.__udivsi3
	$d                                 0x00006b24               0  .text.__udivsi3
	$d                                 0x00006b28               0  .text.__modsi3
	$t                                 0x00006b28               0  .text.__modsi3
	$d                                 0x00006b48               0  .text.__modsi3
	$d                                 0x00006b4c               0  .text.__umodsi3
	$t                                 0x00006b4c               0  .text.__umodsi3
	$d                                 0x00006b6c               0  .text.__umodsi3
	$d                                 0x00006b70               0  .text.CK_CPU_EnAllNormalIrq
	$t                                 0x00006b70               0  .text.CK_CPU_EnAllNormalIrq
	$d                                 0x00006b76               0  .text.CK_CPU_DisAllNormalIrq
	$t                                 0x00006b76               0  .text.CK_CPU_DisAllNormalIrq
	$d                                 0x00006b7c               0  .text.LPT_Init
	$t                                 0x00006b7c               0  .text.LPT_Init
	$d                                 0x00006bc0               0  .text.LPT_Init
	$d                                 0x00006bc4               0  .text.led_hardware_setup
	$t                                 0x00006bc4               0  .text.led_hardware_setup
	$d                                 0x00006c48               0  .text.led_hardware_setup
	$d                                 0x00006c4c               0  .text.EPT0IntHandler
	$t                                 0x00006c4c               0  .text.EPT0IntHandler
	$d                                 0x00006e20               0  .text.EPT0IntHandler
	$d                                 0x00006e2c               0  .text.adc_hardware_setup
	$t                                 0x00006e2c               0  .text.adc_hardware_setup
	$d                                 0x00006ea4               0  .text.charging_hardware_setup
	$t                                 0x00006ea4               0  .text.charging_hardware_setup
	$d                                 0x00006f98               0  .text.charging_hardware_setup
	$d                                 0x00006fa0               0  .text.communicate_hardware_setup
	$t                                 0x00006fa0               0  .text.communicate_hardware_setup
	$d                                 0x0000704c               0  .text.communicate_hardware_setup
	$d                                 0x00007058               0  .text.ReduceSYSCLKto5556KHZ
	$t                                 0x00007058               0  .text.ReduceSYSCLKto5556KHZ
	$d                                 0x000070e0               0  .text.ReduceSYSCLKto5556KHZ
	$d                                 0x000070fc               0  .text.EXI1IntHandler
	$t                                 0x000070fc               0  .text.EXI1IntHandler
	$d                                 0x00007118               0  .text.EXI1IntHandler
	$d                                 0x0000711c               0  .text.EXI4to8IntHandler
	$t                                 0x0000711c               0  .text.EXI4to8IntHandler
	$d                                 0x00007168               0  .text.EXI4to8IntHandler
	$d                                 0x0000716c               0  .text.UART2IntHandler
	$t                                 0x0000716c               0  .text.UART2IntHandler
	$d                                 0x00007230               0  .text.UART2IntHandler
	$d                                 0x00007240               0  .text.handle_uart2_recv_data
	$t                                 0x00007240               0  .text.handle_uart2_recv_data
	$d                                 0x000072b0               0  .text.handle_uart2_recv_data
	$d                                 0x000072c0               0  .text.IO_port_analog_uart_send_data
	$t                                 0x000072c0               0  .text.IO_port_analog_uart_send_data
	$d                                 0x00007314               0  .text.IO_port_analog_uart_send_data
	$d                                 0x0000731c               0  .text.send_communicate_event
	$t                                 0x0000731c               0  .text.send_communicate_event
	$d                                 0x00007338               0  .text.send_communicate_event
	$d                                 0x0000733c               0  .text.communicate_event_get
	$t                                 0x0000733c               0  .text.communicate_event_get
	$d                                 0x00007364               0  .text.communicate_event_get
	$d                                 0x00007368               0  .text.communicate_process_handle
	$t                                 0x00007368               0  .text.communicate_process_handle
	$d                                 0x000073d0               0  .text.communicate_process_handle
	$t                                 0x000073d4               0  .text.communicate_process_handle
	$d                                 0x0000741c               0  .text.communicate_process_handle
	$d                                 0x00007444               0  .text.pwr_key_handle
	$t                                 0x00007444               0  .text.pwr_key_handle
	$d                                 0x0000745e               0  .text.pwr_key_handle
	$t                                 0x00007464               0  .text.pwr_key_handle
	$d                                 0x00007488               0  .text.pwr_key_handle
	$d                                 0x00007494               0  .text.send_key_event
	$t                                 0x00007494               0  .text.send_key_event
	$d                                 0x000074b0               0  .text.send_key_event
	$d                                 0x000074b4               0  .text.key_event_get
	$t                                 0x000074b4               0  .text.key_event_get
	$d                                 0x000074e0               0  .text.key_event_get
	$d                                 0x000074e4               0  .text.app_key_event_handle
	$t                                 0x000074e4               0  .text.app_key_event_handle
	$d                                 0x0000750c               0  .text.key_scanf
	$t                                 0x0000750c               0  .text.key_scanf
	$d                                 0x00007520               0  .text.key_scanf
	$d                                 0x00007524               0  .text.key_debounce_handler
	$t                                 0x00007524               0  .text.key_debounce_handler
	$d                                 0x000075ec               0  .text.key_debounce_handler
	$d                                 0x000075f4               0  .text.EarphoneWakeUp
	$t                                 0x000075f4               0  .text.EarphoneWakeUp
	$d                                 0x00007624               0  .text.EarphoneWakeUp
	$d                                 0x00007630               0  .text.app_stop_100_millisecond_timer
	$t                                 0x00007630               0  .text.app_stop_100_millisecond_timer
	$d                                 0x00007654               0  .text.app_stop_100_millisecond_timer
	$d                                 0x00007660               0  .text.app_start_100_millisecond_timer
	$t                                 0x00007660               0  .text.app_start_100_millisecond_timer
	$d                                 0x00007684               0  .text.app_start_100_millisecond_timer
	$d                                 0x00007690               0  .text.app_100_millisecond_timer_check
	$t                                 0x00007690               0  .text.app_100_millisecond_timer_check
	$d                                 0x000076cc               0  .text.app_100_millisecond_timer_check
	$d                                 0x000076d0               0  .text.app_charge_type_get
	$t                                 0x000076d0               0  .text.app_charge_type_get
	$d                                 0x000076f8               0  .text.app_charge_type_get
	$d                                 0x000076fc               0  .text.battery_power_update
	$t                                 0x000076fc               0  .text.battery_power_update
	$d                                 0x00007710               0  .text.battery_power_update
	$d                                 0x0000771c               0  .text.battery_level_calculate
	$t                                 0x0000771c               0  .text.battery_level_calculate
	$d                                 0x00007764               0  .text.battery_level_calculate
	$d                                 0x00007774               0  .text.app_deinit
	$t                                 0x00007774               0  .text.app_deinit
	$d                                 0x000077f8               0  .text.app_deinit
	$d                                 0x00007800               0  .text.app_recover
	$t                                 0x00007800               0  .text.app_recover
	$d                                 0x000078c8               0  .text.app_recover
	$d                                 0x000078d4               0  .text.system_goto_deepsleep_mode
	$t                                 0x000078d4               0  .text.system_goto_deepsleep_mode
	$d                                 0x00007918               0  .text.system_goto_deepsleep_mode
	$d                                 0x00007928               0  .text.system_shutdown
	$t                                 0x00007928               0  .text.system_shutdown
	$d                                 0x0000794c               0  .text.system_shutdown
	$d                                 0x00007950               0  .text.adc_get_val
	$t                                 0x00007950               0  .text.adc_get_val
	$d                                 0x00007980               0  .text.adc_get_val
	$d                                 0x00007984               0  .text.BatteryPowerCheck
	$t                                 0x00007984               0  .text.BatteryPowerCheck
	$d                                 0x000079f4               0  .text.BatteryPowerCheck
	$d                                 0x00007a14               0  .text.EarphoneStatusCheck
	$t                                 0x00007a14               0  .text.EarphoneStatusCheck
	$d                                 0x00007b70               0  .text.EarphoneStatusCheck
	$d                                 0x00007b98               0  .text.EarphoneOvercurrentCheck
	$t                                 0x00007b98               0  .text.EarphoneOvercurrentCheck
	$d                                 0x00007c70               0  .text.EarphoneOvercurrentCheck
	$d                                 0x00007c88               0  .text.is_hall_active
	$t                                 0x00007c88               0  .text.is_hall_active
	$d                                 0x00007c9c               0  .text.is_hall_active
	$d                                 0x00007ca0               0  .text.charging_case_battery_indication_handle
	$t                                 0x00007ca0               0  .text.charging_case_battery_indication_handle
	$d                                 0x00007cd0               0  .text.charging_case_battery_indication_handle
	$d                                 0x00007cd4               0  .text.is_earphone_fully_charged
	$t                                 0x00007cd4               0  .text.is_earphone_fully_charged
	$d                                 0x00007d40               0  .text.is_earphone_fully_charged
	$d                                 0x00007d4c               0  .text.box_open_close_handle_progress
	$t                                 0x00007d4c               0  .text.box_open_close_handle_progress
	$d                                 0x00007e2e               0  .text.box_open_close_handle_progress
	$t                                 0x00007e38               0  .text.box_open_close_handle_progress
	$d                                 0x00008020               0  .text.box_open_close_handle_progress
	$d                                 0x00008034               0  .text.app_battery_handle_process_normal
	$t                                 0x00008034               0  .text.app_battery_handle_process_normal
	$d                                 0x000080d8               0  .text.app_battery_handle_process_normal
	$d                                 0x000080f0               0  .text.app_battery_handle_process_charge
	$t                                 0x000080f0               0  .text.app_battery_handle_process_charge
	$d                                 0x000083ac               0  .text.app_battery_handle_process_charge
	$d                                 0x00008400               0  .text.app_battery_handle_process
	$t                                 0x00008400               0  .text.app_battery_handle_process
	$d                                 0x00008420               0  .text.EXI2to3IntHandler
	$t                                 0x00008420               0  .text.EXI2to3IntHandler
	$d                                 0x00008464               0  .text.EXI2to3IntHandler
	$d                                 0x0000846c               0  .text.EXI0IntHandler
	$t                                 0x0000846c               0  .text.EXI0IntHandler
	$d                                 0x000084a4               0  .text.EXI0IntHandler
	$d                                 0x000084ac               0  .text.app_close_all_led
	$t                                 0x000084ac               0  .text.app_close_all_led
	$d                                 0x000084ec               0  .text.app_close_all_led
	$d                                 0x000084f4               0  .text.app_red_led_turn_solid
	$t                                 0x000084f4               0  .text.app_red_led_turn_solid
	$d                                 0x0000850c               0  .text.app_red_led_turn_solid
	$d                                 0x00008510               0  .text.app_green_led_turn_solid
	$t                                 0x00008510               0  .text.app_green_led_turn_solid
	$d                                 0x00008528               0  .text.app_green_led_turn_solid
	$d                                 0x0000852c               0  .text.app_blue_led_turn_solid
	$t                                 0x0000852c               0  .text.app_blue_led_turn_solid
	$d                                 0x00008544               0  .text.app_blue_led_turn_solid
	$d                                 0x00008548               0  .text.app_red_led_pwm_contrl
	$t                                 0x00008548               0  .text.app_red_led_pwm_contrl
	$d                                 0x0000859c               0  .text.app_red_led_pwm_contrl
	$d                                 0x000085a0               0  .text.app_green_led_pwm_contrl
	$t                                 0x000085a0               0  .text.app_green_led_pwm_contrl
	$d                                 0x000085f4               0  .text.app_green_led_pwm_contrl
	$d                                 0x000085f8               0  .text.app_status_indication_set
	$t                                 0x000085f8               0  .text.app_status_indication_set
	$d                                 0x0000861c               0  .text.app_status_indication_set
	$d                                 0x00008628               0  .text.app_status_indication_get
	$t                                 0x00008628               0  .text.app_status_indication_get
	$d                                 0x00008630               0  .text.app_status_indication_get
	$d                                 0x00008634               0  .text.app_status_handle_process
	$t                                 0x00008634               0  .text.app_status_handle_process
	$d                                 0x00008644               0  .text.app_status_handle_process
	$t                                 0x00008664               0  .text.app_status_handle_process
	$d                                 0x00008864               0  .text.app_status_handle_process
	$d                                 0x0000886c               0  .text.timer_count
	$t                                 0x0000886c               0  .text.timer_count
	$d                                 0x00008924               0  .text.timer_count
	$d                                 0x0000892c               0  .text.LPTIntHandler
	$t                                 0x0000892c               0  .text.LPTIntHandler
	$d                                 0x0000896c               0  .text.LPTIntHandler
	$d                                 0x00008970               0  .text.Coret_Init
	$t                                 0x00008970               0  .text.Coret_Init
	$d                                 0x00008998               0  .text.StartTimer
	$t                                 0x00008998               0  .text.StartTimer
	$d                                 0x000089bc               0  .text.StartTimer
	$d                                 0x000089c0               0  .text.Coret_DelayMs
	$t                                 0x000089c0               0  .text.Coret_DelayMs
	$d                                 0x00008a58               0  .text.Coret_DelayMs
	__func__.5735                      0x00008a84      O       27  .rodata
	__func__.5750                      0x00008aaf      O       15  .rodata
	__func__.5628                      0x00008abe      O       15  .rodata
	__func__.5551                      0x00008acd      O       31  .rodata
	__func__.5556                      0x00008aec      O       32  .rodata
	__func__.5565                      0x00008b0c      O       30  .rodata
	__func__.5592                      0x00008b2a      O       21  .rodata
	__func__.5600                      0x00008b3f      O       24  .rodata
	__func__.5607                      0x00008b57      O       18  .rodata
	__func__.5619                      0x00008b69      O       20  .rodata
	__func__.5564                      0x00008b7d      O       26  .rodata
	blanks.1847                        0x00008cbc      O       16  .rodata
	zeroes.1848                        0x00008ccc      O       16  .rodata
	CSWTCH.1                           0x00008cdc      O      576  .rodata
	pre_status.5661                    0x200001a0      O        4  .data
	pre_status.5684                    0x200001a4      O        4  .data
	pre_status.5693                    0x200001a8      O        4  .data
	cur_status.5572                    0x200001b0      O        4  .data
	pre_status.5571                    0x200001b4      O        4  .data
	__stderr                           0x200001bc      O       28  .data
	__stdout                           0x200001dc      O       28  .data
	__stdin                            0x200001fc      O       28  .data
	invert.5269                        0x2000021f      O        1  .bss
	flag.5268                          0x20000220      O        1  .bss
	cnt.5270                           0x20000221      O        1  .bss
	SoildTime.5276                     0x20000222      O        1  .bss
	flag.5274                          0x20000223      O        1  .bss
	BreathCnt.5275                     0x20000224      O        1  .bss
	SoildTime.5452                     0x2000024c      O        1  .bss
	flag.5450                          0x2000024d      O        1  .bss
	BreathCnt.5451                     0x2000024e      O        1  .bss
	col_offset.5701                    0x20000250      O        1  .bss
	comt_status.5732                   0x20000251      O        1  .bss
	event.5733                         0x20000254      O        4  .bss
	pre_keyval.5778                    0x20000258      O        4  .bss
	key_event.5779                     0x2000025c      O        4  .bss
	key_press_cnt.5781                 0x20000260      O        4  .bss
	cnt_click.5782                     0x20000264      O        1  .bss
	code_click.5780                    0x20000268      O        4  .bss
	battery_check_count.5604           0x2000026c      O        1  .bss
	time_cnt.5662                      0x2000026e      O        2  .bss
	time_cnt.5685                      0x20000270      O        2  .bss
	full_charge_cnt.5696               0x20000272      O        1  .bss
	time_cnt.5694                      0x20000274      O        2  .bss
	ntc_time_cnt.5695                  0x20000276      O        2  .bss
	ntc_trigger_cnt.5697               0x20000278      O        1  .bss
	time_cnt.5573                      0x2000027a      O        2  .bss
	led_flash_cnt.5575                 0x2000027c      O        1  .bss
	led_reverse_flag.5574              0x2000027d      O        1  .bss
	Time1msCnt                         0x2000027e      O        2  .bss
	Time10msCnt                        0x20000280      O        2  .bss
	Time50msCnt                        0x20000282      O        2  .bss
	Time100msCnt                       0x20000284      O        2  .bss
	Time1sCnt                          0x20000286      O        2  .bss
	Time5sCnt                          0x20000288      O        2  .bss
	Time10sCnt                         0x2000028a      O        2  .bss

	Global Symbols

	Symbol Name                        Value        Type   Size  Section
	vector_table                       0x00002000               0  .text
	__start                            0x00002108               0  .text
	__exit                             0x0000215c               0  .text
	__fail                             0x00002172               0  .text
	DummyHandler                       0x00002180               0  .text
	___gnu_csky_case_uqi               0x000021b0      F       20  .text
	___gnu_csky_case_uhi               0x000021c4      F       26  .text
	__muldi3                           0x000021e0      F       68  .text
	__fixunsdfsi                       0x00002224      F       56  .text
	__udivdi3                          0x0000225c      F      940  .text
	__umoddi3                          0x00002608      F      928  .text
	__addsf3                           0x00002af4      F       42  .text
	__subsf3                           0x00002b20      F       50  .text
	__divsf3                           0x00002b54      F      188  .text
	__fixsfsi                          0x00002c10      F       84  .text
	__floatunsisf                      0x00002c64      F       96  .text
	__adddf3                           0x00002f98      F       46  .text
	__subdf3                           0x00002fc8      F       54  .text
	__muldf3                           0x00003000      F      564  .text
	__divdf3                           0x00003234      F      340  .text
	__gedf2                            0x00003388      F       60  .text
	__fixdfsi                          0x000033c4      F      112  .text
	__floatunsidf                      0x00003434      F       84  .text
	__clzsi2                           0x00003488      F       64  .text
	__pack_f                           0x000034c8      F      184  .text
	__unpack_f                         0x00003580      F      132  .text
	__pack_d                           0x00003604      F      412  .text
	__unpack_d                         0x000037a0      F      196  .text
	__fpcmp_parts_d                    0x00003864      F      140  .text
	__cskyvprintfprintf                0x000038f0      F       34  .text
	__GI_puts                          0x00003914      F       24  .text
	puts                               0x00003914    w F       24  .text
	__stdio_outs                       0x0000392c    w F       52  .text
	__cskyvprintfvprintf               0x00003960      F       32  .text
	__GI_fputs                         0x00003980      F       72  .text
	fputs                              0x00003980    w F       72  .text
	__memset_fast                      0x000039c8    w F      136  .text
	memset                             0x000039c8    w F      136  .text
	__strlen_fast                      0x00003a50    w F       82  .text
	strlen                             0x00003a50    w F       82  .text
	__GI_strstr                        0x00003aa4      F       36  .text
	strstr                             0x00003aa4    w F       36  .text
	__memcpy_fast                      0x00003ac8    w F      100  .text
	memcpy                             0x00003ac8    w F      100  .text
	__GI_os_critical_open              0x00003b2c      F        4  .text
	os_critical_open                   0x00003b2c    w F        4  .text
	__GI_os_critical_enter             0x00003b30      F        4  .text
	os_critical_enter                  0x00003b30    w F        4  .text
	__GI_os_critical_exit              0x00003b34      F        4  .text
	os_critical_exit                   0x00003b34    w F        4  .text
	__GI_os_critical_close             0x00003b38      F        4  .text
	os_critical_close                  0x00003b38    w F        4  .text
	__v2_printf                        0x00003b70      F     1828  .text
	__v2_printf$DFHLlMOPpSSsWp         0x00003b70      F     1828  .text
	__GI___dtostr                      0x000042ba      F      826  .text
	__dtostr                           0x000042ba      F      826  .text
	__isnan                            0x000045f4      F       48  .text
	__strcpy_fast                      0x00004624    w F      176  .text
	strcpy                             0x00004624    w F      176  .text
	__GI_strchr                        0x000046d4      F       18  .text
	strchr                             0x000046d4    w F       18  .text
	__GI_strerror                      0x000046e8      F       28  .text
	strerror                           0x000046e8      F       28  .text
	__isinf                            0x00004704      F       48  .text
	__eqdf2                            0x00004734      F       58  .text
	__gtdf2                            0x00004770      F       60  .text
	__ltdf2                            0x000047ac      F       58  .text
	__floatsidf                        0x000047e8      F      112  .text
	__main                             0x00004858      F       56  .text.__main
	SYSCON_RST_VALUE                   0x00004908      F       88  .text.SYSCON_RST_VALUE
	SYSCON_General_CMD                 0x00004960      F       48  .text.SYSCON_General_CMD
	SystemCLK_HCLKDIV_PCLKDIV_Config   0x00004990      F      124  .text.SystemCLK_HCLKDIV_PCLKDIV_Config
	SYSCON_HFOSC_SELECTE               0x00004a0c      F       40  .text.SYSCON_HFOSC_SELECTE
	SYSCON_WDT_CMD                     0x00004a34      F       60  .text.SYSCON_WDT_CMD
	SYSCON_IWDCNT_Reload               0x00004a70      F       20  .text.SYSCON_IWDCNT_Reload
	SYSCON_IWDCNT_Config               0x00004a84      F       24  .text.SYSCON_IWDCNT_Config
	SYSCON_LVD_Config                  0x00004a9c      F       32  .text.SYSCON_LVD_Config
	EXTI_trigger_CMD                   0x00004abc      F       64  .text.EXTI_trigger_CMD
	EXTI_interrupt_CMD                 0x00004afc      F       52  .text.EXTI_interrupt_CMD
	PCLK_goto_deepsleep_mode           0x00004b30      F       20  .text.PCLK_goto_deepsleep_mode
	EXI0_Int_Enable                    0x00004b44      F       12  .text.EXI0_Int_Enable
	EXI1_Int_Enable                    0x00004b50      F       16  .text.EXI1_Int_Enable
	EXI2_Int_Enable                    0x00004b60      F       16  .text.EXI2_Int_Enable
	EXI3_Int_Enable                    0x00004b70      F       16  .text.EXI3_Int_Enable
	EXI0_WakeUp_Enable                 0x00004b80      F       12  .text.EXI0_WakeUp_Enable
	EXI1_WakeUp_Enable                 0x00004b8c      F       16  .text.EXI1_WakeUp_Enable
	EXI1_WakeUp_Disable                0x00004b9c      F       16  .text.EXI1_WakeUp_Disable
	EXI2_WakeUp_Enable                 0x00004bac      F       16  .text.EXI2_WakeUp_Enable
	EXI3_WakeUp_Enable                 0x00004bbc      F       16  .text.EXI3_WakeUp_Enable
	EXI3_WakeUp_Disable                0x00004bcc      F       16  .text.EXI3_WakeUp_Disable
	SYSCON_INT_Priority                0x00004bdc      F       48  .text.SYSCON_INT_Priority
	CORET_DeInit                       0x00004c0c      F       24  .text.CORET_DeInit
	CORET_Int_Disable                  0x00004c24      F       12  .text.CORET_Int_Disable
	CORET_start                        0x00004c30      F       16  .text.CORET_start
	CORET_stop                         0x00004c40      F       16  .text.CORET_stop
	CORET_CLKSOURCE_EX                 0x00004c50      F       16  .text.CORET_CLKSOURCE_EX
	CORET_TICKINT_Enable               0x00004c60      F       16  .text.CORET_TICKINT_Enable
	CORET_reload                       0x00004c70      F       16  .text.CORET_reload
	GPIO_Init                          0x00004c80      F      224  .text.GPIO_Init
	GPIO_InPutOutPut_Disable           0x00004d60      F      164  .text.GPIO_InPutOutPut_Disable
	GPIO_PullHigh_Init                 0x00004e04      F       20  .text.GPIO_PullHigh_Init
	GPIO_PullLow_Init                  0x00004e18      F       20  .text.GPIO_PullLow_Init
	GPIO_PullHighLow_DIS               0x00004e2c      F       14  .text.GPIO_PullHighLow_DIS
	GPIO_IntGroup_Set                  0x00004e3c      F      268  .text.GPIO_IntGroup_Set
	GPIOA0_EXI_Init                    0x00004f48      F      252  .text.GPIOA0_EXI_Init
	GPIO_EXI_EN                        0x00005044      F       12  .text.GPIO_EXI_EN
	GPIO_Write_High                    0x00005050      F        8  .text.GPIO_Write_High
	GPIO_Write_Low                     0x00005058      F        8  .text.GPIO_Write_Low
	GPIO_Reverse                       0x00005060      F       22  .text.GPIO_Reverse
	GPIO_Read_Status                   0x00005076      F       16  .text.GPIO_Read_Status
	LPT_DeInit                         0x00005088      F       60  .text.LPT_DeInit
	LPT_Configure                      0x000050c4      F       44  .text.LPT_Configure
	LPT_Period_CMP_Write               0x000050f0      F       16  .text.LPT_Period_CMP_Write
	LPT_Start                          0x00005100      F       16  .text.LPT_Start
	LPT_Stop                           0x00005110      F       16  .text.LPT_Stop
	LPT_ConfigInterrupt_CMD            0x00005120      F       28  .text.LPT_ConfigInterrupt_CMD
	LPT_INT_ENABLE                     0x0000513c      F       16  .text.LPT_INT_ENABLE
	WWDT_CONFIG                        0x0000514c      F       24  .text.WWDT_CONFIG
	WWDT_CNT_Load                      0x00005164      F       16  .text.WWDT_CNT_Load
	WWDT_Int_Config                    0x00005174      F       52  .text.WWDT_Int_Config
	BT_Stop                            0x000051a8      F        8  .text.BT_Stop
	GPT_Stop                           0x000051b0      F       16  .text.GPT_Stop
	UART1_DeInit                       0x000051c0      F       24  .text.UART1_DeInit
	UART2_DeInit                       0x000051d8      F       24  .text.UART2_DeInit
	UART1_Int_Enable                   0x000051f0      F       28  .text.UART1_Int_Enable
	UART2_Int_Enable                   0x0000520c      F       28  .text.UART2_Int_Enable
	UART1_WakeUp_Enable                0x00005228      F       16  .text.UART1_WakeUp_Enable
	UART_IO_Init                       0x00005238      F      232  .text.UART_IO_Init
	UARTInitRxIntEn                    0x00005320      F       16  .text.UARTInitRxIntEn
	UARTClose                          0x00005330      F        6  .text.UARTClose
	UARTTxByte                         0x00005336      F       14  .text.UARTTxByte
	I2C_DeInit                         0x00005344      F       24  .text.I2C_DeInit
	I2C_Slave_CONFIG                   0x0000535c      F      316  .text.I2C_Slave_CONFIG
	I2C_SDA_TSETUP_THOLD_CONFIG        0x00005498      F       20  .text.I2C_SDA_TSETUP_THOLD_CONFIG
	I2C_ConfigInterrupt_CMD            0x000054ac      F       28  .text.I2C_ConfigInterrupt_CMD
	I2C_FIFO_TriggerData               0x000054c8      F       16  .text.I2C_FIFO_TriggerData
	I2C_Enable                         0x000054d8      F       28  .text.I2C_Enable
	I2C_Disable                        0x000054f4      F       28  .text.I2C_Disable
	I2C_Int_Enable                     0x00005510      F       16  .text.I2C_Int_Enable
	I2C_Slave_Receive                  0x00005520      F      380  .text.I2C_Slave_Receive
	EPT_Software_Prg                   0x0000569c      F       32  .text.EPT_Software_Prg
	EPT_Start                          0x000056bc      F       40  .text.EPT_Start
	EPT_Stop                           0x000056e4      F       40  .text.EPT_Stop
	EPT_IO_SET                         0x0000570c      F      552  .text.EPT_IO_SET
	EPT_PWM_Config                     0x00005934      F       52  .text.EPT_PWM_Config
	EPT_PWMX_Output_Control            0x00005968      F      216  .text.EPT_PWMX_Output_Control
	EPT_PRDR_CMPA_CMPB_CMPC_CMPD_Config0x00005a40      F       28  .text.EPT_PRDR_CMPA_CMPB_CMPC_CMPD_Config
	EPT_Int_Enable                     0x00005a5c      F       20  .text.EPT_Int_Enable
	EPT_Vector_Int_Enable              0x00005a70      F       12  .text.EPT_Vector_Int_Enable
	EPT_Vector_Int_Disable             0x00005a7c      F       12  .text.EPT_Vector_Int_Disable
	ADC12_RESET_VALUE                  0x00005a88      F      108  .text.ADC12_RESET_VALUE
	ADC12_Control                      0x00005af4      F       16  .text.ADC12_Control
	ADC12_CLK_CMD                      0x00005b24      F       44  .text.ADC12_CLK_CMD
	ADC12_CMD                          0x00005b50      F       40  .text.ADC12_CMD
	ADC12_ready_wait                   0x00005b78      F       20  .text.ADC12_ready_wait
	ADC12_SEQEND_wait                  0x00005b8c      F       24  .text.ADC12_SEQEND_wait
	ADC12_DATA_OUPUT                   0x00005ba4      F       20  .text.ADC12_DATA_OUPUT
	ADC12_Configure_Mode               0x00005bb8      F      124  .text.ADC12_Configure_Mode
	ADC12_Configure_VREF_Selecte       0x00005c34      F      384  .text.ADC12_Configure_VREF_Selecte
	ADC12_ConversionChannel_Config     0x00005db4      F      336  .text.ADC12_ConversionChannel_Config
	I2C_SLAVE_CONFIG                   0x00005f04      F      104  .text.I2C_SLAVE_CONFIG
	UART1_CONFIG                       0x00005f6c      F       56  .text.UART1_CONFIG
	fputc                              0x00005fa4      F       24  .text.fputc
	SYSCON_CONFIG                      0x00005fbc      F      128  .text.SYSCON_CONFIG
	APT32F102_init                     0x0000603c      F      112  .text.APT32F102_init
	CORETHandler                       0x000060ac      F       24  .text.CORETHandler
	SYSCONIntHandler                   0x000060c4      F      228  .text.SYSCONIntHandler
	IFCIntHandler                      0x000061a8      F      236  .text.IFCIntHandler
	BT0IntHandler                      0x00006294      F      192  .text.BT0IntHandler
	GPT0IntHandler                     0x00006354      F      336  .text.GPT0IntHandler
	WWDTHandler                        0x000064a4      F       76  .text.WWDTHandler
	BT1IntHandler                      0x000064f0      F       72  .text.BT1IntHandler
	RTCIntHandler                      0x00006538      F      112  .text.RTCIntHandler
	UART0IntHandler                    0x000065a8      F       76  .text.UART0IntHandler
	UART1IntHandler                    0x000065f4      F      144  .text.UART1IntHandler
	I2CIntHandler                      0x00006684      F       20  .text.I2CIntHandler
	SPI0IntHandler                     0x00006698      F       60  .text.SPI0IntHandler
	SIO0IntHandler                     0x000066d4      F      132  .text.SIO0IntHandler
	EXI9to13IntHandler                 0x00006758      F       84  .text.EXI9to13IntHandler
	PriviledgeVioHandler               0x000067ac      F        2  .text.PriviledgeVioHandler
	PendTrapHandler                    0x000067ae      F        8  .text.PendTrapHandler
	Trap3Handler                       0x000067b6      F        8  .text.Trap3Handler
	Trap2Handler                       0x000067be      F        8  .text.Trap2Handler
	Trap1Handler                       0x000067c6      F        8  .text.Trap1Handler
	Trap0Handler                       0x000067ce      F        8  .text.Trap0Handler
	UnrecExecpHandler                  0x000067d6      F        8  .text.UnrecExecpHandler
	BreakPointHandler                  0x000067de      F        8  .text.BreakPointHandler
	AccessErrHandler                   0x000067e6      F        8  .text.AccessErrHandler
	IllegalInstrHandler                0x000067ee      F        8  .text.IllegalInstrHandler
	MisalignedHandler                  0x000067f6      F        8  .text.MisalignedHandler
	TKEYIntHandler                     0x000067fe      F        8  .text.TKEYIntHandler
	CNTAIntHandler                     0x00006806      F        8  .text.CNTAIntHandler
	ADCIntHandler                      0x0000680e      F        8  .text.ADCIntHandler
	main                               0x00006818      F      364  .text.startup.main
	delayus_Bycode                     0x00006984      F       42  .text.delayus_Bycode
	delayms_Bycode                     0x000069ae      F       28  .text.delayms_Bycode
	JumpToIAP                          0x000069cc      F       28  .text.JumpToIAP
	prog_uart_send                     0x000069e8      F       36  .text.prog_uart_send
	SendRstACK                         0x00006a0c      F       60  .text.SendRstACK
	wait_syncpin_release               0x00006a48      F       88  .text.wait_syncpin_release
	program_trig_check                 0x00006aa0      F       64  .text.program_trig_check
	__divsi3                           0x00006ae0      F       36  .text.__divsi3
	__udivsi3                          0x00006b04      F       36  .text.__udivsi3
	__modsi3                           0x00006b28      F       36  .text.__modsi3
	__umodsi3                          0x00006b4c      F       36  .text.__umodsi3
	CK_CPU_EnAllNormalIrq              0x00006b70      F        6  .text.CK_CPU_EnAllNormalIrq
	CK_CPU_DisAllNormalIrq             0x00006b76      F        6  .text.CK_CPU_DisAllNormalIrq
	LPT_Init                           0x00006b7c      F       72  .text.LPT_Init
	led_hardware_setup                 0x00006bc4      F      136  .text.led_hardware_setup
	EPT0IntHandler                     0x00006c4c      F      480  .text.EPT0IntHandler
	adc_hardware_setup                 0x00006e2c      F      120  .text.adc_hardware_setup
	charging_hardware_setup            0x00006ea4      F      252  .text.charging_hardware_setup
	communicate_hardware_setup         0x00006fa0      F      184  .text.communicate_hardware_setup
	ReduceSYSCLKto5556KHZ              0x00007058      F      164  .text.ReduceSYSCLKto5556KHZ
	EXI1IntHandler                     0x000070fc      F       32  .text.EXI1IntHandler
	EXI4to8IntHandler                  0x0000711c      F       80  .text.EXI4to8IntHandler
	UART2IntHandler                    0x0000716c      F      212  .text.UART2IntHandler
	handle_uart2_recv_data             0x00007240      F      128  .text.handle_uart2_recv_data
	IO_port_analog_uart_send_data      0x000072c0      F       92  .text.IO_port_analog_uart_send_data
	send_communicate_event             0x0000731c      F       32  .text.send_communicate_event
	communicate_event_get              0x0000733c      F       44  .text.communicate_event_get
	communicate_process_handle         0x00007368      F      220  .text.communicate_process_handle
	pwr_key_handle                     0x00007444      F       80  .text.pwr_key_handle
	send_key_event                     0x00007494      F       32  .text.send_key_event
	key_event_get                      0x000074b4      F       48  .text.key_event_get
	app_key_event_handle               0x000074e4      F       38  .text.app_key_event_handle
	key_scanf                          0x0000750c      F       24  .text.key_scanf
	key_debounce_handler               0x00007524      F      208  .text.key_debounce_handler
	EarphoneWakeUp                     0x000075f4      F       60  .text.EarphoneWakeUp
	app_stop_100_millisecond_timer     0x00007630      F       48  .text.app_stop_100_millisecond_timer
	app_start_100_millisecond_timer    0x00007660      F       48  .text.app_start_100_millisecond_timer
	app_100_millisecond_timer_check    0x00007690      F       64  .text.app_100_millisecond_timer_check
	app_charge_type_get                0x000076d0      F       44  .text.app_charge_type_get
	battery_power_update               0x000076fc      F       32  .text.battery_power_update
	battery_level_calculate            0x0000771c      F       88  .text.battery_level_calculate
	app_deinit                         0x00007774      F      140  .text.app_deinit
	app_recover                        0x00007800      F      212  .text.app_recover
	system_goto_deepsleep_mode         0x000078d4      F       84  .text.system_goto_deepsleep_mode
	system_shutdown                    0x00007928      F       40  .text.system_shutdown
	adc_get_val                        0x00007950      F       52  .text.adc_get_val
	BatteryPowerCheck                  0x00007984      F      144  .text.BatteryPowerCheck
	EarphoneStatusCheck                0x00007a14      F      388  .text.EarphoneStatusCheck
	EarphoneOvercurrentCheck           0x00007b98      F      240  .text.EarphoneOvercurrentCheck
	is_hall_active                     0x00007c88      F       24  .text.is_hall_active
	charging_case_battery_indication_handle0x00007ca0      F       52  .text.charging_case_battery_indication_handle
	is_earphone_fully_charged          0x00007cd4      F      120  .text.is_earphone_fully_charged
	box_open_close_handle_progress     0x00007d4c      F      744  .text.box_open_close_handle_progress
	app_battery_handle_process_normal  0x00008034      F      188  .text.app_battery_handle_process_normal
	app_battery_handle_process_charge  0x000080f0      F      784  .text.app_battery_handle_process_charge
	app_battery_handle_process         0x00008400      F       32  .text.app_battery_handle_process
	EXI2to3IntHandler                  0x00008420      F       76  .text.EXI2to3IntHandler
	EXI0IntHandler                     0x0000846c      F       64  .text.EXI0IntHandler
	app_close_all_led                  0x000084ac      F       72  .text.app_close_all_led
	app_red_led_turn_solid             0x000084f4      F       28  .text.app_red_led_turn_solid
	app_green_led_turn_solid           0x00008510      F       28  .text.app_green_led_turn_solid
	app_blue_led_turn_solid            0x0000852c      F       28  .text.app_blue_led_turn_solid
	app_red_led_pwm_contrl             0x00008548      F       88  .text.app_red_led_pwm_contrl
	app_green_led_pwm_contrl           0x000085a0      F       88  .text.app_green_led_pwm_contrl
	app_status_indication_set          0x000085f8      F       48  .text.app_status_indication_set
	app_status_indication_get          0x00008628      F       12  .text.app_status_indication_get
	app_status_handle_process          0x00008634      F      568  .text.app_status_handle_process
	timer_count                        0x0000886c      F      192  .text.timer_count
	LPTIntHandler                      0x0000892c      F       68  .text.LPTIntHandler
	Coret_Init                         0x00008970      F       38  .text.Coret_Init
	StartTimer                         0x00008998      F       40  .text.StartTimer
	Coret_DelayMs                      0x000089c0      F      168  .text.Coret_DelayMs
	rststr                             0x00008a68      O        8  .rodata
	rstpattern                         0x00008a70      O        9  .rodata
	jmpIAPstr                          0x00008a79      O       11  .rodata
	ptp_pairing                        0x00008a9f      O        4  .rodata
	bt_pairing                         0x00008aa3      O        4  .rodata
	factory_reset                      0x00008aa7      O        4  .rodata
	freeman_mode                       0x00008aab      O        4  .rodata
	__thenan_sf                        0x00008b98      O       16  .rodata
	__thenan_df                        0x00008ba8      O       20  .rodata
	__clz_tab                          0x00008bbc      O      256  .rodata
	_end_rodata                        0x00009960               0  .rodata
	SYSCLK                             0x20000000      O        4  .data
	_start_data                        0x20000000               0  .data
	HWD                                0x20000004      O        4  .data
	CRC                                0x20000008      O        4  .data
	BT1                                0x2000000c      O        4  .data
	BT0                                0x20000010      O        4  .data
	WWDT                               0x20000014      O        4  .data
	LPT                                0x20000018      O        4  .data
	RTC                                0x2000001c      O        4  .data
	ETCB                               0x20000020      O        4  .data
	EPT0                               0x20000024      O        4  .data
	GPT0                               0x20000028      O        4  .data
	CA0                                0x2000002c      O        4  .data
	SIO0                               0x20000030      O        4  .data
	I2C0                               0x20000034      O        4  .data
	SPI0                               0x20000038      O        4  .data
	UART2                              0x2000003c      O        4  .data
	UART1                              0x20000040      O        4  .data
	UART0                              0x20000044      O        4  .data
	GPIOGRP                            0x20000048      O        4  .data
	GPIOB0                             0x2000004c      O        4  .data
	GPIOA0                             0x20000050      O        4  .data
	ADC0                               0x20000054      O        4  .data
	TKEY                               0x20000058      O        4  .data
	SYSCON                             0x2000005c      O        4  .data
	IFC                                0x20000060      O        4  .data
	CK801                              0x20000064      O        4  .data
	uart2_que                          0x20000068      O      116  .data
	com_que                            0x200000dc      O       28  .data
	key_que                            0x200000f8      O       48  .data
	app_100_millisecond_array          0x20000128      O      100  .data
	battery_status                     0x2000018c      O        4  .data
	battery_percentage                 0x20000190      O        1  .data
	earphone_status                    0x20000194      O        4  .data
	hall_status                        0x20000198      O        4  .data
	is_system_active                   0x2000019c      O        1  .data
	app_status                         0x200001ac      O        4  .data
	stderr                             0x200001b8      O        4  .data
	stdout                             0x200001d8      O        4  .data
	stdin                              0x200001f8      O        4  .data
	_end_data                          0x20000218               0  .data
	RxDataFlag                         0x20000218      O        1  .bss
	_bss_start                         0x20000218               0  .bss
	TxDataFlag                         0x20000219      O        1  .bss
	f_ERROR                            0x2000021a      O        1  .bss
	RdIndex                            0x2000021b      O        1  .bss
	WrIndex                            0x2000021c      O        1  .bss
	f_Drom_writing                     0x2000021d      O        1  .bss
	f_Drom_write_complete              0x2000021e      O        1  .bss
	CHG_DET_EIX                        0x20000225      O        1  .bss
	R_DET_EXI                          0x20000226      O        1  .bss
	L_DET_EXI                          0x20000227      O        1  .bss
	progDatabuf                        0x20000228      O       32  .bss
	indx                               0x20000248      O        4  .bss
	is_wireless5V_enable               0x20000279      O        1  .bss
	R_IIC_ERROR_CONT                   0x2000028c      O        4  .bss
	I2C_St_Adress                      0x20000290      O        1  .bss
	I2CWrBuffer                        0x20000291      O       32  .bss
	I2C_Data_Adress                    0x200002b1      O        1  .bss
	I2CRdBuffer                        0x200002b2      O       32  .bss
	R_INT_FlashAdd                     0x200002d4      O        4  .bss
	ifc_step                           0x200002d8      O        1  .bss
	R_CMPB_BUF                         0x200002dc      O        4  .bss
	r_urat_cont                        0x200002e0      O        1  .bss
	Temp                               0x200002e1      O        1  .bss
	R_SIOTX_count                      0x200002e4      O        4  .bss
	r_uart_buf                         0x200002e8      O        9  .bss
	SPI_DATA                           0x200002f4      O       32  .bss
	R_CMPA_BUF                         0x20000314      O        4  .bss
	f_io_toggle                        0x20000318      O        1  .bss
	R_SIORX_count                      0x2000031c      O        4  .bss
	R_SIORX_buf                        0x20000320      O       40  .bss
	TimerFlag                          0x20000348      O        1  .bss
	CORETCLK                           0x2000034c      O        4  .bss
	errno                              0x20000350      O        4  .bss
	__malloc_lock                      0x20000354      O        4  .bss
	_ebss                              0x20000358               0  .bss
	_end                               0x20000358               0  .bss
	end                                0x20000358               0  .bss
	__kernel_stack                     0x20000ff8               0  .text

	(w:Weak    d:Deubg    F:Function    f:File name    O:Zero)


======================================================================

Memory Map of the image

    Image Entry point : 0x00002108

    Region ROM (Base: 0x00002000, Size: 0x00007960, Max: 0x0000e000)

    Base Addr    Size         Type   Attr      Idx   Section Name       Object
    0x00002000   0x000001b0   Code   RO         16  .text          	Obj/arch_crt0.o
    0x000021b0   0x00000014   Code   RO       1014  .text          	_csky_case_uqi.o
    0x000021c4   0x0000001a   Code   RO       1019  .text          	_csky_case_uhi.o
    0x000021de   0x00000002   PAD
    0x000021e0   0x00000044   Code   RO       1024  .text          	_muldi3.o
    0x00002224   0x00000038   Code   RO       1031  .text          	_fixunsdfsi.o
    0x0000225c   0x000003ac   Code   RO       1038  .text          	_udivdi3.o
    0x00002608   0x000003a0   Code   RO       1045  .text          	_umoddi3.o
    0x000029a8   0x000001aa   Code   RO       1052  .text          	_addsub_sf.o
    0x00002b52   0x00000002   PAD
    0x00002b54   0x000000bc   Code   RO       1059  .text          	_div_sf.o
    0x00002c10   0x00000054   Code   RO       1066  .text          	_sf_to_si.o
    0x00002c64   0x00000060   Code   RO       1080  .text          	_usi_to_sf.o
    0x00002cc4   0x0000033a   Code   RO       1087  .text          	_addsub_df.o
    0x00002ffe   0x00000002   PAD
    0x00003000   0x00000234   Code   RO       1094  .text          	_mul_df.o
    0x00003234   0x00000154   Code   RO       1101  .text          	_div_df.o
    0x00003388   0x0000003c   Code   RO       1108  .text          	_ge_df.o
    0x000033c4   0x00000070   Code   RO       1115  .text          	_df_to_si.o
    0x00003434   0x00000054   Code   RO       1129  .text          	_usi_to_df.o
    0x00003488   0x00000040   Code   RO       1143  .text          	_clzsi2.o
    0x000034c8   0x000000b8   Code   RO       1149  .text          	_pack_sf.o
    0x00003580   0x00000084   Code   RO       1156  .text          	_unpack_sf.o
    0x00003604   0x0000019c   Code   RO       1163  .text          	_pack_df.o
    0x000037a0   0x000000c4   Code   RO       1170  .text          	_unpack_df.o
    0x00003864   0x0000008c   Code   RO       1177  .text          	_fpcmp_parts_df.o
    0x000038f0   0x00000022   Code   RO       1191  .text          	printf_required.o
    0x00003912   0x00000002   PAD
    0x00003914   0x00000018   Code   RO       1198  .text          	puts.o
    0x0000392c   0x00000054   Code   RO       1205  .text          	vprintf_required.o
    0x00003980   0x00000048   Code   RO       1218  .text          	fputs.o
    0x000039c8   0x00000088   Code   RO       1225  .text          	memset_fast.o
    0x00003a50   0x00000052   Code   RO       1230  .text          	strlen_fast.o
    0x00003aa2   0x00000002   PAD
    0x00003aa4   0x00000024   Code   RO       1235  .text          	strstr.o
    0x00003ac8   0x00000064   Code   RO       1240  .text          	memcpy_fast.o
    0x00003b2c   0x00000010   Code   RO       1246  .text          	critical.o
    0x00003b3c   0x00000758   Code   RO       1404  .text          	__v2_printfDFHLlMOPpSSsWp.o
    0x00004294   0x00000360   Code   RO       1471  .text          	__dtostr.o
    0x000045f4   0x00000030   Code   RO       1479  .text          	__isnan.o
    0x00004624   0x000000b0   Code   RO       1485  .text          	strcpy_fast.o
    0x000046d4   0x00000012   Code   RO       1490  .text          	strchr.o
    0x000046e6   0x00000002   PAD
    0x000046e8   0x0000001c   Code   RO       1495  .text          	strerror.o
    0x00004704   0x00000030   Code   RO       1503  .text          	__isinf.o
    0x00004734   0x0000003a   Code   RO       1509  .text          	_eq_df.o
    0x0000476e   0x00000002   PAD
    0x00004770   0x0000003c   Code   RO       1516  .text          	_gt_df.o
    0x000047ac   0x0000003a   Code   RO       1523  .text          	_lt_df.o
    0x000047e6   0x00000002   PAD
    0x000047e8   0x00000070   Code   RO       1530  .text          	_si_to_df.o
    0x00004858   0x00000038   Code   RO         28  .text.__main   	Obj/arch_mem_init.o
    0x00004890   0x00000078   Code   RO         43  .text.SYSCON_General_CMD.part.0	Obj/FWlib_apt32f102_syscon.o
    0x00004908   0x00000058   Code   RO         44  .text.SYSCON_RST_VALUE	Obj/FWlib_apt32f102_syscon.o
    0x00004960   0x00000030   Code   RO         46  .text.SYSCON_General_CMD	Obj/FWlib_apt32f102_syscon.o
    0x00004990   0x0000007c   Code   RO         47  .text.SystemCLK_HCLKDIV_PCLKDIV_Config	Obj/FWlib_apt32f102_syscon.o
    0x00004a0c   0x00000028   Code   RO         49  .text.SYSCON_HFOSC_SELECTE	Obj/FWlib_apt32f102_syscon.o
    0x00004a34   0x0000003c   Code   RO         50  .text.SYSCON_WDT_CMD	Obj/FWlib_apt32f102_syscon.o
    0x00004a70   0x00000014   Code   RO         51  .text.SYSCON_IWDCNT_Reload	Obj/FWlib_apt32f102_syscon.o
    0x00004a84   0x00000018   Code   RO         52  .text.SYSCON_IWDCNT_Config	Obj/FWlib_apt32f102_syscon.o
    0x00004a9c   0x00000020   Code   RO         53  .text.SYSCON_LVD_Config	Obj/FWlib_apt32f102_syscon.o
    0x00004abc   0x00000040   Code   RO         59  .text.EXTI_trigger_CMD	Obj/FWlib_apt32f102_syscon.o
    0x00004afc   0x00000034   Code   RO         60  .text.EXTI_interrupt_CMD	Obj/FWlib_apt32f102_syscon.o
    0x00004b30   0x00000014   Code   RO         63  .text.PCLK_goto_deepsleep_mode	Obj/FWlib_apt32f102_syscon.o
    0x00004b44   0x0000000c   Code   RO         64  .text.EXI0_Int_Enable	Obj/FWlib_apt32f102_syscon.o
    0x00004b50   0x00000010   Code   RO         66  .text.EXI1_Int_Enable	Obj/FWlib_apt32f102_syscon.o
    0x00004b60   0x00000010   Code   RO         68  .text.EXI2_Int_Enable	Obj/FWlib_apt32f102_syscon.o
    0x00004b70   0x00000010   Code   RO         70  .text.EXI3_Int_Enable	Obj/FWlib_apt32f102_syscon.o
    0x00004b80   0x0000000c   Code   RO         74  .text.EXI0_WakeUp_Enable	Obj/FWlib_apt32f102_syscon.o
    0x00004b8c   0x00000010   Code   RO         76  .text.EXI1_WakeUp_Enable	Obj/FWlib_apt32f102_syscon.o
    0x00004b9c   0x00000010   Code   RO         77  .text.EXI1_WakeUp_Disable	Obj/FWlib_apt32f102_syscon.o
    0x00004bac   0x00000010   Code   RO         78  .text.EXI2_WakeUp_Enable	Obj/FWlib_apt32f102_syscon.o
    0x00004bbc   0x00000010   Code   RO         80  .text.EXI3_WakeUp_Enable	Obj/FWlib_apt32f102_syscon.o
    0x00004bcc   0x00000010   Code   RO         81  .text.EXI3_WakeUp_Disable	Obj/FWlib_apt32f102_syscon.o
    0x00004bdc   0x00000030   Code   RO         92  .text.SYSCON_INT_Priority	Obj/FWlib_apt32f102_syscon.o
    0x00004c0c   0x00000018   Code   RO        108  .text.CORET_DeInit	Obj/FWlib_apt32f102_coret.o
    0x00004c24   0x0000000c   Code   RO        110  .text.CORET_Int_Disable	Obj/FWlib_apt32f102_coret.o
    0x00004c30   0x00000010   Code   RO        113  .text.CORET_start	Obj/FWlib_apt32f102_coret.o
    0x00004c40   0x00000010   Code   RO        114  .text.CORET_stop	Obj/FWlib_apt32f102_coret.o
    0x00004c50   0x00000010   Code   RO        115  .text.CORET_CLKSOURCE_EX	Obj/FWlib_apt32f102_coret.o
    0x00004c60   0x00000010   Code   RO        117  .text.CORET_TICKINT_Enable	Obj/FWlib_apt32f102_coret.o
    0x00004c70   0x00000010   Code   RO        119  .text.CORET_reload	Obj/FWlib_apt32f102_coret.o
    0x00004c80   0x000000e0   Code   RO        135  .text.GPIO_Init	Obj/FWlib_apt32f102_gpio.o
    0x00004d60   0x000000a4   Code   RO        136  .text.GPIO_InPutOutPut_Disable	Obj/FWlib_apt32f102_gpio.o
    0x00004e04   0x00000014   Code   RO        138  .text.GPIO_PullHigh_Init	Obj/FWlib_apt32f102_gpio.o
    0x00004e18   0x00000014   Code   RO        139  .text.GPIO_PullLow_Init	Obj/FWlib_apt32f102_gpio.o
    0x00004e2c   0x0000000e   Code   RO        140  .text.GPIO_PullHighLow_DIS	Obj/FWlib_apt32f102_gpio.o
    0x00004e3c   0x0000010c   Code   RO        146  .text.GPIO_IntGroup_Set	Obj/FWlib_apt32f102_gpio.o
    0x00004f48   0x000000fc   Code   RO        147  .text.GPIOA0_EXI_Init	Obj/FWlib_apt32f102_gpio.o
    0x00005044   0x0000000c   Code   RO        149  .text.GPIO_EXI_EN	Obj/FWlib_apt32f102_gpio.o
    0x00005050   0x00000008   Code   RO        150  .text.GPIO_Write_High	Obj/FWlib_apt32f102_gpio.o
    0x00005058   0x00000008   Code   RO        151  .text.GPIO_Write_Low	Obj/FWlib_apt32f102_gpio.o
    0x00005060   0x00000016   Code   RO        153  .text.GPIO_Reverse	Obj/FWlib_apt32f102_gpio.o
    0x00005076   0x00000010   Code   RO        154  .text.GPIO_Read_Status	Obj/FWlib_apt32f102_gpio.o
    0x00005088   0x0000003c   Code   RO        171  .text.LPT_DeInit	Obj/FWlib_apt32f102_lpt.o
    0x000050c4   0x0000002c   Code   RO        173  .text.LPT_Configure	Obj/FWlib_apt32f102_lpt.o
    0x000050f0   0x00000010   Code   RO        175  .text.LPT_Period_CMP_Write	Obj/FWlib_apt32f102_lpt.o
    0x00005100   0x00000010   Code   RO        186  .text.LPT_Start	Obj/FWlib_apt32f102_lpt.o
    0x00005110   0x00000010   Code   RO        187  .text.LPT_Stop 	Obj/FWlib_apt32f102_lpt.o
    0x00005120   0x0000001c   Code   RO        191  .text.LPT_ConfigInterrupt_CMD	Obj/FWlib_apt32f102_lpt.o
    0x0000513c   0x00000010   Code   RO        192  .text.LPT_INT_ENABLE	Obj/FWlib_apt32f102_lpt.o
    0x0000514c   0x00000018   Code   RO        235  .text.WWDT_CONFIG	Obj/FWlib_apt32f102_wwdt.o
    0x00005164   0x00000010   Code   RO        237  .text.WWDT_CNT_Load	Obj/FWlib_apt32f102_wwdt.o
    0x00005174   0x00000034   Code   RO        238  .text.WWDT_Int_Config	Obj/FWlib_apt32f102_wwdt.o
    0x000051a8   0x00000008   Code   RO        309  .text.BT_Stop  	Obj/FWlib_apt32f102_bt.o
    0x000051b0   0x00000010   Code   RO        373  .text.GPT_Stop 	Obj/FWlib_apt32f102_gpt.o
    0x000051c0   0x00000018   Code   RO        455  .text.UART1_DeInit	Obj/FWlib_apt32f102_uart.o
    0x000051d8   0x00000018   Code   RO        456  .text.UART2_DeInit	Obj/FWlib_apt32f102_uart.o
    0x000051f0   0x0000001c   Code   RO        459  .text.UART1_Int_Enable	Obj/FWlib_apt32f102_uart.o
    0x0000520c   0x0000001c   Code   RO        461  .text.UART2_Int_Enable	Obj/FWlib_apt32f102_uart.o
    0x00005228   0x00000010   Code   RO        465  .text.UART1_WakeUp_Enable	Obj/FWlib_apt32f102_uart.o
    0x00005238   0x000000e8   Code   RO        469  .text.UART_IO_Init	Obj/FWlib_apt32f102_uart.o
    0x00005320   0x00000010   Code   RO        472  .text.UARTInitRxIntEn	Obj/FWlib_apt32f102_uart.o
    0x00005330   0x00000006   Code   RO        473  .text.UARTClose	Obj/FWlib_apt32f102_uart.o
    0x00005336   0x0000000e   Code   RO        474  .text.UARTTxByte	Obj/FWlib_apt32f102_uart.o
    0x00005344   0x00000018   Code   RO        494  .text.I2C_DeInit	Obj/FWlib_apt32f102_i2c.o
    0x0000535c   0x0000013c   Code   RO        496  .text.I2C_Slave_CONFIG	Obj/FWlib_apt32f102_i2c.o
    0x00005498   0x00000014   Code   RO        497  .text.I2C_SDA_TSETUP_THOLD_CONFIG	Obj/FWlib_apt32f102_i2c.o
    0x000054ac   0x0000001c   Code   RO        498  .text.I2C_ConfigInterrupt_CMD	Obj/FWlib_apt32f102_i2c.o
    0x000054c8   0x00000010   Code   RO        499  .text.I2C_FIFO_TriggerData	Obj/FWlib_apt32f102_i2c.o
    0x000054d8   0x0000001c   Code   RO        501  .text.I2C_Enable	Obj/FWlib_apt32f102_i2c.o
    0x000054f4   0x0000001c   Code   RO        502  .text.I2C_Disable	Obj/FWlib_apt32f102_i2c.o
    0x00005510   0x00000010   Code   RO        507  .text.I2C_Int_Enable	Obj/FWlib_apt32f102_i2c.o
    0x00005520   0x0000017c   Code   RO        513  .text.I2C_Slave_Receive	Obj/FWlib_apt32f102_i2c.o
    0x0000569c   0x00000020   Code   RO        530  .text.EPT_Software_Prg	Obj/FWlib_apt32f102_ept.o
    0x000056bc   0x00000028   Code   RO        531  .text.EPT_Start	Obj/FWlib_apt32f102_ept.o
    0x000056e4   0x00000028   Code   RO        532  .text.EPT_Stop 	Obj/FWlib_apt32f102_ept.o
    0x0000570c   0x00000228   Code   RO        533  .text.EPT_IO_SET	Obj/FWlib_apt32f102_ept.o
    0x00005934   0x00000034   Code   RO        534  .text.EPT_PWM_Config	Obj/FWlib_apt32f102_ept.o
    0x00005968   0x000000d8   Code   RO        541  .text.EPT_PWMX_Output_Control	Obj/FWlib_apt32f102_ept.o
    0x00005a40   0x0000001c   Code   RO        544  .text.EPT_PRDR_CMPA_CMPB_CMPC_CMPD_Config	Obj/FWlib_apt32f102_ept.o
    0x00005a5c   0x00000014   Code   RO        555  .text.EPT_Int_Enable	Obj/FWlib_apt32f102_ept.o
    0x00005a70   0x0000000c   Code   RO        559  .text.EPT_Vector_Int_Enable	Obj/FWlib_apt32f102_ept.o
    0x00005a7c   0x0000000c   Code   RO        560  .text.EPT_Vector_Int_Disable	Obj/FWlib_apt32f102_ept.o
    0x00005a88   0x0000006c   Code   RO        620  .text.ADC12_RESET_VALUE	Obj/FWlib_apt32f101_adc.o
    0x00005af4   0x00000010   Code   RO        621  .text.ADC12_Control	Obj/FWlib_apt32f101_adc.o
    0x00005b04   0x00000020   Code   RO        622  .text.ADC12_CMD.part.0	Obj/FWlib_apt32f101_adc.o
    0x00005b24   0x0000002c   Code   RO        625  .text.ADC12_CLK_CMD	Obj/FWlib_apt32f101_adc.o
    0x00005b50   0x00000028   Code   RO        627  .text.ADC12_CMD	Obj/FWlib_apt32f101_adc.o
    0x00005b78   0x00000014   Code   RO        628  .text.ADC12_ready_wait	Obj/FWlib_apt32f101_adc.o
    0x00005b8c   0x00000018   Code   RO        630  .text.ADC12_SEQEND_wait	Obj/FWlib_apt32f101_adc.o
    0x00005ba4   0x00000014   Code   RO        631  .text.ADC12_DATA_OUPUT	Obj/FWlib_apt32f101_adc.o
    0x00005bb8   0x0000007c   Code   RO        632  .text.ADC12_Configure_Mode	Obj/FWlib_apt32f101_adc.o
    0x00005c34   0x00000180   Code   RO        633  .text.ADC12_Configure_VREF_Selecte	Obj/FWlib_apt32f101_adc.o
    0x00005db4   0x00000150   Code   RO        635  .text.ADC12_ConversionChannel_Config	Obj/FWlib_apt32f101_adc.o
    0x00005f04   0x00000068   Code   RO        693  .text.I2C_SLAVE_CONFIG	Obj/apt32f102_initial.o
    0x00005f6c   0x00000038   Code   RO        695  .text.UART1_CONFIG	Obj/apt32f102_initial.o
    0x00005fa4   0x00000018   Code   RO        696  .text.fputc    	Obj/apt32f102_initial.o
    0x00005fbc   0x00000080   Code   RO        701  .text.SYSCON_CONFIG	Obj/apt32f102_initial.o
    0x0000603c   0x00000070   Code   RO        702  .text.APT32F102_init	Obj/apt32f102_initial.o
    0x000060ac   0x00000018   Code   RO        719  .text.CORETHandler	Obj/apt32f102_interrupt.o
    0x000060c4   0x000000e4   Code   RO        720  .text.SYSCONIntHandler	Obj/apt32f102_interrupt.o
    0x000061a8   0x000000ec   Code   RO        721  .text.IFCIntHandler	Obj/apt32f102_interrupt.o
    0x00006294   0x000000c0   Code   RO        722  .text.BT0IntHandler	Obj/apt32f102_interrupt.o
    0x00006354   0x00000150   Code   RO        723  .text.GPT0IntHandler	Obj/apt32f102_interrupt.o
    0x000064a4   0x0000004c   Code   RO        724  .text.WWDTHandler	Obj/apt32f102_interrupt.o
    0x000064f0   0x00000048   Code   RO        725  .text.BT1IntHandler	Obj/apt32f102_interrupt.o
    0x00006538   0x00000070   Code   RO        726  .text.RTCIntHandler	Obj/apt32f102_interrupt.o
    0x000065a8   0x0000004c   Code   RO        727  .text.UART0IntHandler	Obj/apt32f102_interrupt.o
    0x000065f4   0x00000090   Code   RO        728  .text.UART1IntHandler	Obj/apt32f102_interrupt.o
    0x00006684   0x00000014   Code   RO        729  .text.I2CIntHandler	Obj/apt32f102_interrupt.o
    0x00006698   0x0000003c   Code   RO        730  .text.SPI0IntHandler	Obj/apt32f102_interrupt.o
    0x000066d4   0x00000084   Code   RO        731  .text.SIO0IntHandler	Obj/apt32f102_interrupt.o
    0x00006758   0x00000054   Code   RO        732  .text.EXI9to13IntHandler	Obj/apt32f102_interrupt.o
    0x000067ac   0x00000002   Code   RO        733  .text.PriviledgeVioHandler	Obj/apt32f102_interrupt.o
    0x000067ae   0x00000008   Code   RO        735  .text.PendTrapHandler	Obj/apt32f102_interrupt.o
    0x000067b6   0x00000008   Code   RO        736  .text.Trap3Handler	Obj/apt32f102_interrupt.o
    0x000067be   0x00000008   Code   RO        737  .text.Trap2Handler	Obj/apt32f102_interrupt.o
    0x000067c6   0x00000008   Code   RO        738  .text.Trap1Handler	Obj/apt32f102_interrupt.o
    0x000067ce   0x00000008   Code   RO        739  .text.Trap0Handler	Obj/apt32f102_interrupt.o
    0x000067d6   0x00000008   Code   RO        740  .text.UnrecExecpHandler	Obj/apt32f102_interrupt.o
    0x000067de   0x00000008   Code   RO        741  .text.BreakPointHandler	Obj/apt32f102_interrupt.o
    0x000067e6   0x00000008   Code   RO        742  .text.AccessErrHandler	Obj/apt32f102_interrupt.o
    0x000067ee   0x00000008   Code   RO        743  .text.IllegalInstrHandler	Obj/apt32f102_interrupt.o
    0x000067f6   0x00000008   Code   RO        744  .text.MisalignedHandler	Obj/apt32f102_interrupt.o
    0x000067fe   0x00000008   Code   RO        745  .text.TKEYIntHandler	Obj/apt32f102_interrupt.o
    0x00006806   0x00000008   Code   RO        746  .text.CNTAIntHandler	Obj/apt32f102_interrupt.o
    0x0000680e   0x00000008   Code   RO        747  .text.ADCIntHandler	Obj/apt32f102_interrupt.o
    0x00006818   0x0000016c   Code   RO        763  .text.startup.main	Obj/main.o
    0x00006984   0x0000002a   Code   RO        780  .text.delayus_Bycode	Obj/app_reset.o
    0x000069ae   0x0000001c   Code   RO        781  .text.delayms_Bycode	Obj/app_reset.o
    0x000069cc   0x0000001c   Code   RO        782  .text.JumpToIAP	Obj/app_reset.o
    0x000069e8   0x00000024   Code   RO        783  .text.prog_uart_send	Obj/app_reset.o
    0x00006a0c   0x0000003c   Code   RO        784  .text.SendRstACK	Obj/app_reset.o
    0x00006a48   0x00000058   Code   RO        785  .text.wait_syncpin_release	Obj/app_reset.o
    0x00006aa0   0x00000040   Code   RO        786  .text.program_trig_check	Obj/app_reset.o
    0x00006ae0   0x00000024   Code   RO        803  .text.__divsi3 	Obj/drivers_apt32f102.o
    0x00006b04   0x00000024   Code   RO        804  .text.__udivsi3	Obj/drivers_apt32f102.o
    0x00006b28   0x00000024   Code   RO        805  .text.__modsi3 	Obj/drivers_apt32f102.o
    0x00006b4c   0x00000024   Code   RO        806  .text.__umodsi3	Obj/drivers_apt32f102.o
    0x00006b70   0x00000006   Code   RO        824  .text.CK_CPU_EnAllNormalIrq	Obj/drivers_apt32f102_ck801.o
    0x00006b76   0x00000006   Code   RO        825  .text.CK_CPU_DisAllNormalIrq	Obj/drivers_apt32f102_ck801.o
    0x00006b7c   0x00000048   Code   RO        839  .text.LPT_Init 	Obj/drivers_platform_driver.o
    0x00006bc4   0x00000088   Code   RO        840  .text.led_hardware_setup	Obj/drivers_platform_driver.o
    0x00006c4c   0x000001e0   Code   RO        841  .text.EPT0IntHandler	Obj/drivers_platform_driver.o
    0x00006e2c   0x00000078   Code   RO        842  .text.adc_hardware_setup	Obj/drivers_platform_driver.o
    0x00006ea4   0x000000fc   Code   RO        843  .text.charging_hardware_setup	Obj/drivers_platform_driver.o
    0x00006fa0   0x000000b8   Code   RO        844  .text.communicate_hardware_setup	Obj/drivers_platform_driver.o
    0x00007058   0x000000a4   Code   RO        845  .text.ReduceSYSCLKto5556KHZ	Obj/drivers_platform_driver.o
    0x000070fc   0x00000020   Code   RO        846  .text.EXI1IntHandler	Obj/drivers_platform_driver.o
    0x0000711c   0x00000050   Code   RO        847  .text.EXI4to8IntHandler	Obj/drivers_platform_driver.o
    0x0000716c   0x000000d4   Code   RO        864  .text.UART2IntHandler	Obj/APP_app_communicate.o
    0x00007240   0x00000080   Code   RO        865  .text.handle_uart2_recv_data	Obj/APP_app_communicate.o
    0x000072c0   0x0000005c   Code   RO        866  .text.IO_port_analog_uart_send_data	Obj/APP_app_communicate.o
    0x0000731c   0x00000020   Code   RO        867  .text.send_communicate_event	Obj/APP_app_communicate.o
    0x0000733c   0x0000002c   Code   RO        868  .text.communicate_event_get	Obj/APP_app_communicate.o
    0x00007368   0x000000dc   Code   RO        869  .text.communicate_process_handle	Obj/APP_app_communicate.o
    0x00007444   0x00000050   Code   RO        870  .text.pwr_key_handle	Obj/APP_app_communicate.o
    0x00007494   0x00000020   Code   RO        871  .text.send_key_event	Obj/APP_app_communicate.o
    0x000074b4   0x00000030   Code   RO        872  .text.key_event_get	Obj/APP_app_communicate.o
    0x000074e4   0x00000026   Code   RO        873  .text.app_key_event_handle	Obj/APP_app_communicate.o
    0x0000750c   0x00000018   Code   RO        874  .text.key_scanf	Obj/APP_app_communicate.o
    0x00007524   0x000000d0   Code   RO        875  .text.key_debounce_handler	Obj/APP_app_communicate.o
    0x000075f4   0x0000003c   Code   RO        893  .text.EarphoneWakeUp	Obj/APP_app_battery.o
    0x00007630   0x00000030   Code   RO        894  .text.app_stop_100_millisecond_timer	Obj/APP_app_battery.o
    0x00007660   0x00000030   Code   RO        895  .text.app_start_100_millisecond_timer	Obj/APP_app_battery.o
    0x00007690   0x00000040   Code   RO        898  .text.app_100_millisecond_timer_check	Obj/APP_app_battery.o
    0x000076d0   0x0000002c   Code   RO        899  .text.app_charge_type_get	Obj/APP_app_battery.o
    0x000076fc   0x00000020   Code   RO        902  .text.battery_power_update	Obj/APP_app_battery.o
    0x0000771c   0x00000058   Code   RO        904  .text.battery_level_calculate	Obj/APP_app_battery.o
    0x00007774   0x0000008c   Code   RO        907  .text.app_deinit	Obj/APP_app_battery.o
    0x00007800   0x000000d4   Code   RO        908  .text.app_recover	Obj/APP_app_battery.o
    0x000078d4   0x00000054   Code   RO        909  .text.system_goto_deepsleep_mode	Obj/APP_app_battery.o
    0x00007928   0x00000028   Code   RO        910  .text.system_shutdown	Obj/APP_app_battery.o
    0x00007950   0x00000034   Code   RO        911  .text.adc_get_val	Obj/APP_app_battery.o
    0x00007984   0x00000090   Code   RO        912  .text.BatteryPowerCheck	Obj/APP_app_battery.o
    0x00007a14   0x00000184   Code   RO        913  .text.EarphoneStatusCheck	Obj/APP_app_battery.o
    0x00007b98   0x000000f0   Code   RO        914  .text.EarphoneOvercurrentCheck	Obj/APP_app_battery.o
    0x00007c88   0x00000018   Code   RO        915  .text.is_hall_active	Obj/APP_app_battery.o
    0x00007ca0   0x00000034   Code   RO        916  .text.charging_case_battery_indication_handle	Obj/APP_app_battery.o
    0x00007cd4   0x00000078   Code   RO        917  .text.is_earphone_fully_charged	Obj/APP_app_battery.o
    0x00007d4c   0x000002e8   Code   RO        918  .text.box_open_close_handle_progress	Obj/APP_app_battery.o
    0x00008034   0x000000bc   Code   RO        919  .text.app_battery_handle_process_normal	Obj/APP_app_battery.o
    0x000080f0   0x00000310   Code   RO        920  .text.app_battery_handle_process_charge	Obj/APP_app_battery.o
    0x00008400   0x00000020   Code   RO        921  .text.app_battery_handle_process	Obj/APP_app_battery.o
    0x00008420   0x0000004c   Code   RO        922  .text.EXI2to3IntHandler	Obj/APP_app_battery.o
    0x0000846c   0x00000040   Code   RO        923  .text.EXI0IntHandler	Obj/APP_app_battery.o
    0x000084ac   0x00000048   Code   RO        941  .text.app_close_all_led	Obj/APP_app_status_ind.o
    0x000084f4   0x0000001c   Code   RO        942  .text.app_red_led_turn_solid	Obj/APP_app_status_ind.o
    0x00008510   0x0000001c   Code   RO        943  .text.app_green_led_turn_solid	Obj/APP_app_status_ind.o
    0x0000852c   0x0000001c   Code   RO        944  .text.app_blue_led_turn_solid	Obj/APP_app_status_ind.o
    0x00008548   0x00000058   Code   RO        945  .text.app_red_led_pwm_contrl	Obj/APP_app_status_ind.o
    0x000085a0   0x00000058   Code   RO        946  .text.app_green_led_pwm_contrl	Obj/APP_app_status_ind.o
    0x000085f8   0x00000030   Code   RO        947  .text.app_status_indication_set	Obj/APP_app_status_ind.o
    0x00008628   0x0000000c   Code   RO        948  .text.app_status_indication_get	Obj/APP_app_status_ind.o
    0x00008634   0x00000238   Code   RO        949  .text.app_status_handle_process	Obj/APP_app_status_ind.o
    0x0000886c   0x000000c0   Code   RO        967  .text.timer_count	Obj/APP_app_state_machine.o
    0x0000892c   0x00000044   Code   RO        968  .text.LPTIntHandler	Obj/APP_app_state_machine.o
    0x00008970   0x00000026   Code   RO        984  .text.Coret_Init	Obj/app_app_delay.o
    0x00008998   0x00000028   Code   RO        985  .text.StartTimer	Obj/app_app_delay.o
    0x000089c0   0x000000a8   Code   RO        987  .text.Coret_DelayMs	Obj/app_app_delay.o
    0x00008a68   0x0000001c   Data   RO        787  .rodata        	Obj/app_reset.o
    0x00008a84   0x0000003a   Data   RO        876  .rodata        	Obj/APP_app_communicate.o
    0x00008abe   0x000000bf   Data   RO        924  .rodata        	Obj/APP_app_battery.o
    0x00008b7d   0x0000001a   Data   RO        950  .rodata        	Obj/APP_app_status_ind.o
    0x00008b97   0x00000001   PAD
    0x00008b98   0x00000010   Data   RO       1076  .rodata        	_thenan_sf.o
    0x00008ba8   0x00000014   Data   RO       1125  .rodata        	_thenan_df.o
    0x00008bbc   0x00000100   Data   RO       1139  .rodata        	_clz.o
    0x00008cbc   0x00000020   Data   RO       1407  .rodata        	__v2_printfDFHLlMOPpSSsWp.o
    0x00008cdc   0x00000240   Data   RO       1498  .rodata        	strerror.o
    0x00008f1c   0x00000050   Data   RO        764  .rodata.str1.1 	Obj/main.o
    0x00008f6c   0x0000001b   Data   RO        877  .rodata.str1.1 	Obj/APP_app_communicate.o
    0x00008f87   0x00000225   Data   RO        925  .rodata.str1.1 	Obj/APP_app_battery.o
    0x000091ac   0x00000022   Data   RO       1408  .rodata.str1.1 	__v2_printfDFHLlMOPpSSsWp.o
    0x000091ce   0x00000008   Data   RO       1474  .rodata.str1.1 	__dtostr.o
    0x000091d6   0x00000787   Data   RO       1499  .rodata.str1.1 	strerror.o
    0x0000995d   0x00000003   PAD

    Region RAM (Base: 0x20000000, Size: 0x00000358, Max: 0x00001000)

    Base Addr    Size         Type   Attr      Idx   Section Name       Object
    0x20000000   0x00000004   Data   RW        676  .data          	Obj/apt32f102_initial.o
    0x20000004   0x00000064   Data   RW        801  .data          	Obj/drivers_apt32f102.o
    0x20000068   0x000000c0   Data   RW        862  .data          	Obj/APP_app_communicate.o
    0x20000128   0x00000084   Data   RW        891  .data          	Obj/APP_app_battery.o
    0x200001ac   0x0000000c   Data   RW        939  .data          	Obj/APP_app_status_ind.o
    0x200001b8   0x00000060   Data   RW       1213  .data          	stdinit.o
    0x20000218   0x00000002   Zero   RW        453  .bss           	Obj/FWlib_apt32f102_uart.o
    0x2000021a   0x00000003   Zero   RW        493  .bss           	Obj/FWlib_apt32f102_i2c.o
    0x2000021d   0x00000002   Zero   RW        653  .bss           	Obj/FWlib_apt32f101_ifc.o
    0x2000021f   0x00000009   Zero   RW        718  .bss           	Obj/apt32f102_interrupt.o
    0x20000228   0x00000024   Zero   RW        779  .bss           	Obj/app_reset.o
    0x2000024c   0x00000003   Zero   RW        838  .bss           	Obj/drivers_platform_driver.o
    0x2000024f   0x00000001   PAD
    0x20000250   0x0000001c   Zero   RW        863  .bss           	Obj/APP_app_communicate.o
    0x2000026c   0x0000000e   Zero   RW        892  .bss           	Obj/APP_app_battery.o
    0x2000027a   0x00000004   Zero   RW        940  .bss           	Obj/APP_app_status_ind.o
    0x2000027e   0x0000000e   Zero   RW        966  .bss           	Obj/APP_app_state_machine.o
    0x2000028c   0x00000046   Zero   RW        526  COMMON         	Obj/FWlib_apt32f102_i2c.o
    0x200002d2   0x00000002   PAD
    0x200002d4   0x00000005   Zero   RW        674  COMMON         	Obj/FWlib_apt32f101_ifc.o
    0x200002d9   0x00000003   PAD
    0x200002dc   0x0000006c   Zero   RW        759  COMMON         	Obj/apt32f102_interrupt.o
    0x20000348   0x00000001   Zero   RW        980  COMMON         	Obj/APP_app_state_machine.o
    0x20000349   0x00000003   PAD
    0x2000034c   0x00000004   Zero   RW       1000  COMMON         	Obj/app_app_delay.o
    0x20000350   0x00000008   Zero   RW       1470  COMMON         	minilibc_init.o

    Region *default* (Base: 0x00000000, Size: 0x00000000, Max: 0xffffffff)


======================================================================

Image component sizes

       Code    RO Data    RW Data    ZI Data      Debug   Object Name

          0          0          0          0          0   linker stubs
        432          0          0          0        423   Obj/arch_crt0.o
         56          0          0          0        881   Obj/arch_mem_init.o
        892          0          0          0      19482   Obj/FWlib_apt32f102_syscon.o
        116          0          0          0       8610   Obj/FWlib_apt32f102_coret.o
       1028          0          0          0      13299   Obj/FWlib_apt32f102_gpio.o
        196          0          0          0      13692   Obj/FWlib_apt32f102_lpt.o
          0          0          0          0          0   Obj/FWlib_apt32f102_crc.o
         92          0          0          0       8525   Obj/FWlib_apt32f102_wwdt.o
          0          0          0          0          0   Obj/FWlib_apt32f102_countera.o
          0          0          0          0          0   Obj/FWlib_apt32f102_et.o
          8          0          0          0      11835   Obj/FWlib_apt32f102_bt.o
          0          0          0          0          0   Obj/FWlib_apt32f102_hwdiv.o
         16          0          0          0      20059   Obj/FWlib_apt32f102_gpt.o
          0          0          0          0          0   Obj/FWlib_apt32f102_sio.o
          0          0          0          0          0   Obj/FWlib_apt32f102_spi.o
        388          0          0          2      11483   Obj/FWlib_apt32f102_uart.o
        856          0          0         73      12938   Obj/FWlib_apt32f102_i2c.o
       1004          0          0          0      28372   Obj/FWlib_apt32f102_ept.o
          0          0          0          0          0   Obj/FWlib_apt32f102_rtc.o
       1148          0          0          0      14026   Obj/FWlib_apt32f101_adc.o
          0          0          0          7      16105   Obj/FWlib_apt32f101_ifc.o
        424          0          4          0      19300   Obj/apt32f102_initial.o
       1898          0          0        117      11936   Obj/apt32f102_interrupt.o
        364         80          0          0       9625   Obj/main.o
        346         28          0         36       9742   Obj/app_reset.o
        144          0        100          0       8564   Obj/drivers_apt32f102.o
         12          0          0          0       8517   Obj/drivers_apt32f102_ck801.o
       1520          0          0          3      12372   Obj/drivers_platform_driver.o
       1158         85        192         28      13670   Obj/APP_app_communicate.o
       3768        740        132         14      17605   Obj/APP_app_battery.o
        960         35         12          4      10664   Obj/APP_app_status_ind.o
        260          0          0         15       9013   Obj/APP_app_state_machine.o
        246          0          0          4       8827   Obj/app_app_delay.o
          0          0          0          0          0   Obj/__rt_entry.o
	------------------------------------------------------------
      17332        968        440        303     319565   Object Totals
         16          4          0          9          0   Pad
          0          0          0          0          0   LD_GEN

	------------------------------------------------------------
    [Library Name]: d:/c-sky/cdk/csky/mingw/csky-abiv2-elf-toolchain/bin/../lib/gcc/csky-elfabiv2/6.3.0/ck801\libgcc.a
	------------------------------------------------------------
       Code    RO Data    RW Data    ZI Data      Debug   Library Member Name

         20          0          0          0          0   _csky_case_uqi.o
         26          0          0          0          0   _csky_case_uhi.o
         68          0          0          0          0   _muldi3.o
         56          0          0          0          0   _fixunsdfsi.o
        940          0          0          0          0   _udivdi3.o
        928          0          0          0          0   _umoddi3.o
        426          0          0          0          0   _addsub_sf.o
        188          0          0          0          0   _div_sf.o
         84          0          0          0          0   _sf_to_si.o
          0         16          0          0          0   _thenan_sf.o
         96          0          0          0          0   _usi_to_sf.o
        826          0          0          0          0   _addsub_df.o
        564          0          0          0          0   _mul_df.o
        340          0          0          0          0   _div_df.o
         60          0          0          0          0   _ge_df.o
        112          0          0          0          0   _df_to_si.o
          0         20          0          0          0   _thenan_df.o
         84          0          0          0          0   _usi_to_df.o
          0        256          0          0          0   _clz.o
         64          0          0          0          0   _clzsi2.o
        184          0          0          0          0   _pack_sf.o
        132          0          0          0          0   _unpack_sf.o
        412          0          0          0          0   _pack_df.o
        196          0          0          0          0   _unpack_df.o
        140          0          0          0          0   _fpcmp_parts_df.o
	------------------------------------------------------------
       5946        292          0          0          0   Library Totals
          0          0          0          0          0   Pad
          0          0          0          0          0   LD_GEN

	------------------------------------------------------------
    [Library Name]: d:/c-sky/cdk/csky/mingw/csky-abiv2-elf-toolchain/bin/../lib/gcc/csky-elfabiv2/6.3.0/../../../../csky-elfabiv2/lib/ck801\libc.a
	------------------------------------------------------------
       Code    RO Data    RW Data    ZI Data      Debug   Library Member Name

         34          0          0          0          0   printf_required.o
         24          0          0          0          0   puts.o
         84          0          0          0          0   vprintf_required.o
          0          0         96          0          0   stdinit.o
         72          0          0          0          0   fputs.o
        136          0          0          0          0   memset_fast.o
         82          0          0          0          0   strlen_fast.o
         36          0          0          0          0   strstr.o
        100          0          0          0          0   memcpy_fast.o
         16          0          0          0          0   critical.o
       1880         66          0          0          0   __v2_printfDFHLlMOPpSSsWp.o
          0          0          0          8          0   minilibc_init.o
        864          8          0          0          0   __dtostr.o
         48          0          0          0          0   __isnan.o
        176          0          0          0          0   strcpy_fast.o
         18          0          0          0          0   strchr.o
         28       2503          0          0          0   strerror.o
         48          0          0          0          0   __isinf.o
	------------------------------------------------------------
       3646       2577         96          8          0   Library Totals
          0          0          0          0          0   Pad
          0          0          0          0          0   LD_GEN

	------------------------------------------------------------
    [Library Name]: d:/c-sky/cdk/csky/mingw/csky-abiv2-elf-toolchain/bin/../lib/gcc/csky-elfabiv2/6.3.0/ck801\libgcc.a
	------------------------------------------------------------
       Code    RO Data    RW Data    ZI Data      Debug   Library Member Name

         58          0          0          0          0   _eq_df.o
         60          0          0          0          0   _gt_df.o
         58          0          0          0          0   _lt_df.o
        112          0          0          0          0   _si_to_df.o
	------------------------------------------------------------
        288          0          0          0          0   Library Totals
          0          0          0          0          0   Pad
          0          0          0          0          0   LD_GEN

	------------------------------------------------------------

======================================================================


       Code    RO Data    RW Data    ZI Data      Debug
      27228       3841        536        320     319565   Grand Totals
      27228       3841        536        320     319565   Elf Image Totals
      27228       3841        536          0          0   ROM Totals

======================================================================

Total	RO	Size (Code + RO Data)				31069 (  30.34kB)
Total	RW	Size (RW Data + ZI Data)			856 (  0.84kB)
Total	ROM	Size (Code + RO Data + RW Data)		31605 (  30.86kB)

======================================================================
