ELF Header:
  Magic:   7f 45 4c 46 01 01 01 00 00 00 00 00 00 00 00 00 
  Class:                             ELF32
  Data:                              2's complement, little endian
  Version:                           1 (current)
  OS/ABI:                            UNIX - System V
  ABI Version:                       0
  Type:                              EXEC (Executable file)
  Machine:                           CSKY
  Version:                           0x1
  Entry point address:               0x2108
  Start of program headers:          52 (bytes into file)
  Start of section headers:          396752 (bytes into file)
  Flags:                             0x21000000
  Size of this header:               52 (bytes)
  Size of program headers:           32 (bytes)
  Number of program headers:         2
  Size of section headers:           40 (bytes)
  Number of section headers:         226
  Section header string table index: 223

Section Headers:
  [Nr] Name              Type            Addr     Off    Size   ES Flg Lk Inf Al
  [ 0]                   NULL            00000000 000000 000000 00      0   0  0
  [ 1] .text             PROGBITS        00002000 001000 002858 00  AX  0   0 1024
  [ 2] .text.__main      PROGBITS        00004858 003858 000038 00  AX  0   0  4
  [ 3] .text.SYSCON_Gene PROGBITS        00004890 003890 000078 00  AX  0   0  4
  [ 4] .text.SYSCON_RST_ PROGBITS        00004908 003908 000058 00  AX  0   0  4
  [ 5] .text.SYSCON_Gene PROGBITS        00004960 003960 000030 00  AX  0   0  4
  [ 6] .text.SystemCLK_H PROGBITS        00004990 003990 00007c 00  AX  0   0  4
  [ 7] .text.SYSCON_HFOS PROGBITS        00004a0c 003a0c 000028 00  AX  0   0  4
  [ 8] .text.SYSCON_WDT_ PROGBITS        00004a34 003a34 00003c 00  AX  0   0  4
  [ 9] .text.SYSCON_IWDC PROGBITS        00004a70 003a70 000014 00  AX  0   0  4
  [10] .text.SYSCON_IWDC PROGBITS        00004a84 003a84 000018 00  AX  0   0  4
  [11] .text.SYSCON_LVD_ PROGBITS        00004a9c 003a9c 000020 00  AX  0   0  4
  [12] .text.EXTI_trigge PROGBITS        00004abc 003abc 000040 00  AX  0   0  4
  [13] .text.EXTI_interr PROGBITS        00004afc 003afc 000034 00  AX  0   0  4
  [14] .text.PCLK_goto_d PROGBITS        00004b30 003b30 000014 00  AX  0   0  4
  [15] .text.EXI0_Int_En PROGBITS        00004b44 003b44 00000c 00  AX  0   0  4
  [16] .text.EXI1_Int_En PROGBITS        00004b50 003b50 000010 00  AX  0   0  4
  [17] .text.EXI2_Int_En PROGBITS        00004b60 003b60 000010 00  AX  0   0  4
  [18] .text.EXI3_Int_En PROGBITS        00004b70 003b70 000010 00  AX  0   0  4
  [19] .text.EXI0_WakeUp PROGBITS        00004b80 003b80 00000c 00  AX  0   0  4
  [20] .text.EXI1_WakeUp PROGBITS        00004b8c 003b8c 000010 00  AX  0   0  4
  [21] .text.EXI1_WakeUp PROGBITS        00004b9c 003b9c 000010 00  AX  0   0  4
  [22] .text.EXI2_WakeUp PROGBITS        00004bac 003bac 000010 00  AX  0   0  4
  [23] .text.EXI3_WakeUp PROGBITS        00004bbc 003bbc 000010 00  AX  0   0  4
  [24] .text.EXI3_WakeUp PROGBITS        00004bcc 003bcc 000010 00  AX  0   0  4
  [25] .text.SYSCON_INT_ PROGBITS        00004bdc 003bdc 000030 00  AX  0   0  4
  [26] .text.CORET_DeIni PROGBITS        00004c0c 003c0c 000018 00  AX  0   0  4
  [27] .text.CORET_Int_D PROGBITS        00004c24 003c24 00000c 00  AX  0   0  4
  [28] .text.CORET_start PROGBITS        00004c30 003c30 000010 00  AX  0   0  4
  [29] .text.CORET_stop  PROGBITS        00004c40 003c40 000010 00  AX  0   0  4
  [30] .text.CORET_CLKSO PROGBITS        00004c50 003c50 000010 00  AX  0   0  4
  [31] .text.CORET_TICKI PROGBITS        00004c60 003c60 000010 00  AX  0   0  4
  [32] .text.CORET_reloa PROGBITS        00004c70 003c70 000010 00  AX  0   0  4
  [33] .text.GPIO_Init   PROGBITS        00004c80 003c80 0000e0 00  AX  0   0  4
  [34] .text.GPIO_InPutO PROGBITS        00004d60 003d60 0000a4 00  AX  0   0  4
  [35] .text.GPIO_PullHi PROGBITS        00004e04 003e04 000014 00  AX  0   0  2
  [36] .text.GPIO_PullLo PROGBITS        00004e18 003e18 000014 00  AX  0   0  2
  [37] .text.GPIO_PullHi PROGBITS        00004e2c 003e2c 00000e 00  AX  0   0  2
  [38] .text.GPIO_IntGro PROGBITS        00004e3c 003e3c 00010c 00  AX  0   0  4
  [39] .text.GPIOA0_EXI_ PROGBITS        00004f48 003f48 0000fc 00  AX  0   0  4
  [40] .text.GPIO_EXI_EN PROGBITS        00005044 004044 00000c 00  AX  0   0  2
  [41] .text.GPIO_Write_ PROGBITS        00005050 004050 000008 00  AX  0   0  2
  [42] .text.GPIO_Write_ PROGBITS        00005058 004058 000008 00  AX  0   0  2
  [43] .text.GPIO_Revers PROGBITS        00005060 004060 000016 00  AX  0   0  2
  [44] .text.GPIO_Read_S PROGBITS        00005076 004076 000010 00  AX  0   0  2
  [45] .text.LPT_DeInit  PROGBITS        00005088 004088 00003c 00  AX  0   0  4
  [46] .text.LPT_Configu PROGBITS        000050c4 0040c4 00002c 00  AX  0   0  4
  [47] .text.LPT_Period_ PROGBITS        000050f0 0040f0 000010 00  AX  0   0  4
[...]
	$d                                 0x000067bc               0  .text.PriviledgeVioHandler
	$t                                 0x000067bc               0  .text.PriviledgeVioHandler
	$d                                 0x000067be               0  .text.PendTrapHandler
	$t                                 0x000067be               0  .text.PendTrapHandler
	$d                                 0x000067c6               0  .text.Trap3Handler
	$t                                 0x000067c6               0  .text.Trap3Handler
	$d                                 0x000067ce               0  .text.Trap2Handler
	$t                                 0x000067ce               0  .text.Trap2Handler
	$d                                 0x000067d6               0  .text.Trap1Handler
	$t                                 0x000067d6               0  .text.Trap1Handler
	$d                                 0x000067de               0  .text.Trap0Handler
	$t                                 0x000067de               0  .text.Trap0Handler
	$d                                 0x000067e6               0  .text.UnrecExecpHandler
	$t                                 0x000067e6               0  .text.UnrecExecpHandler
	$d                                 0x000067ee               0  .text.BreakPointHandler
	$t                                 0x000067ee               0  .text.BreakPointHandler
	$d                                 0x000067f6               0  .text.AccessErrHandler
	$t                                 0x000067f6               0  .text.AccessErrHandler
	$d                                 0x000067fe               0  .text.IllegalInstrHandler
	$t                                 0x000067fe               0  .text.IllegalInstrHandler
	$d                                 0x00006806               0  .text.MisalignedHandler
	$t                                 0x00006806               0  .text.MisalignedHandler
	$d                                 0x0000680e               0  .text.TKEYIntHandler
	$t                                 0x0000680e               0  .text.TKEYIntHandler
	$d                                 0x00006816               0  .text.CNTAIntHandler
	$t                                 0x00006816               0  .text.CNTAIntHandler
	$d                                 0x0000681e               0  .text.ADCIntHandler
	$t                                 0x0000681e               0  .text.ADCIntHandler
	$d                                 0x00006828               0  .text.startup.main
	$t                                 0x00006828               0  .text.startup.main
	$d                                 0x00006974               0  .text.startup.main
	$d                                 0x00006994               0  .text.delayus_Bycode
	$t                                 0x00006994               0  .text.delayus_Bycode
	$d                                 0x000069be               0  .text.delayms_Bycode
	$t                                 0x000069be               0  .text.delayms_Bycode
	$d                                 0x000069dc               0  .text.JumpToIAP
	$t                                 0x000069dc               0  .text.JumpToIAP
	$d                                 0x000069f0               0  .text.JumpToIAP
	$d                                 0x000069f8               0  .text.prog_uart_send
	$t                                 0x000069f8               0  .text.prog_uart_send
	$d                                 0x00006a18               0  .text.prog_uart_send
	$d                                 0x00006a1c               0  .text.SendRstACK
	$t                                 0x00006a1c               0  .text.SendRstACK
	$d                                 0x00006a54               0  .text.SendRstACK
	$d                                 0x00006a58               0  .text.wait_syncpin_release
	$t                                 0x00006a58               0  .text.wait_syncpin_release
	$d                                 0x00006aac               0  .text.wait_syncpin_release
	$d                                 0x00006ab0               0  .text.program_trig_check
	$t                                 0x00006ab0               0  .text.program_trig_check
	$d                                 0x00006ae4               0  .text.program_trig_check
	$d                                 0x00006af0               0  .text.__divsi3
	$t                                 0x00006af0               0  .text.__divsi3
	$d                                 0x00006b10               0  .text.__divsi3
	$d                                 0x00006b14               0  .text.__udivsi3
	$t                                 0x00006b14               0  .text.__udivsi3
	$d                                 0x00006b34               0  .text.__udivsi3
	$d                                 0x00006b38               0  .text.__modsi3
	$t                                 0x00006b38               0  .text.__modsi3
	$d                                 0x00006b58               0  .text.__modsi3
	$d                                 0x00006b5c               0  .text.__umodsi3
	$t                                 0x00006b5c               0  .text.__umodsi3
	$d                                 0x00006b7c               0  .text.__umodsi3
	$d                                 0x00006b80               0  .text.CK_CPU_EnAllNormalIrq
	$t                                 0x00006b80               0  .text.CK_CPU_EnAllNormalIrq
	$d                                 0x00006b86               0  .text.CK_CPU_DisAllNormalIrq
	$t                                 0x00006b86               0  .text.CK_CPU_DisAllNormalIrq
	$d                                 0x00006b8c               0  .text.LPT_Init
	$t                                 0x00006b8c               0  .text.LPT_Init
	$d                                 0x00006bd0               0  .text.LPT_Init
	$d                                 0x00006bd4               0  .text.led_hardware_setup
	$t                                 0x00006bd4               0  .text.led_hardware_setup
	$d                                 0x00006c58               0  .text.led_hardware_setup
	$d                                 0x00006c5c               0  .text.EPT0IntHandler
	$t                                 0x00006c5c               0  .text.EPT0IntHandler
	$d                                 0x00006e30               0  .text.EPT0IntHandler
	$d                                 0x00006e3c               0  .text.adc_hardware_setup
	$t                                 0x00006e3c               0  .text.adc_hardware_setup
	$d                                 0x00006eb4               0  .text.charging_hardware_setup
	$t                                 0x00006eb4               0  .text.charging_hardware_setup
	$d                                 0x00006fc0               0  .text.charging_hardware_setup
	$d                                 0x00006fc8               0  .text.communicate_hardware_setup
	$t                                 0x00006fc8               0  .text.communicate_hardware_setup
	$d                                 0x00007074               0  .text.communicate_hardware_setup
	$d                                 0x00007080               0  .text.ReduceSYSCLKto5556KHZ
	$t                                 0x00007080               0  .text.ReduceSYSCLKto5556KHZ
	$d                                 0x00007108               0  .text.ReduceSYSCLKto5556KHZ
	$d                                 0x00007124               0  .text.EXI1IntHandler
	$t                                 0x00007124               0  .text.EXI1IntHandler
	$d                                 0x00007140               0  .text.EXI1IntHandler
	$d                                 0x00007144               0  .text.EXI4to8IntHandler
	$t                                 0x00007144               0  .text.EXI4to8IntHandler
	$d                                 0x00007190               0  .text.EXI4to8IntHandler
	$d                                 0x00007194               0  .text.UART2IntHandler
	$t                                 0x00007194               0  .text.UART2IntHandler
	$d                                 0x00007258               0  .text.UART2IntHandler
	$d                                 0x00007268               0  .text.handle_uart2_recv_data
	$t                                 0x00007268               0  .text.handle_uart2_recv_data
	$d                                 0x000072d8               0  .text.handle_uart2_recv_data
	$d                                 0x000072e8               0  .text.IO_port_analog_uart_send_data
	$t                                 0x000072e8               0  .text.IO_port_analog_uart_send_data
	$d                                 0x00007324               0  .text.IO_port_analog_uart_send_data
	$d                                 0x00007328               0  .text.send_communicate_event
	$t                                 0x00007328               0  .text.send_communicate_event
	$d                                 0x00007344               0  .text.send_communicate_event
	$d                                 0x00007348               0  .text.communicate_event_get
	$t                                 0x00007348               0  .text.communicate_event_get
	$d                                 0x00007370               0  .text.communicate_event_get
	$d                                 0x00007374               0  .text.communicate_process_handle
	$t                                 0x00007374               0  .text.communicate_process_handle
	$d                                 0x000073dc               0  .text.communicate_process_handle
	$t                                 0x000073e0               0  .text.communicate_process_handle
	$d                                 0x00007428               0  .text.communicate_process_handle
	$d                                 0x00007450               0  .text.pwr_key_handle
	$t                                 0x00007450               0  .text.pwr_key_handle
	$d                                 0x0000746a               0  .text.pwr_key_handle
	$t                                 0x00007470               0  .text.pwr_key_handle
	$d                                 0x00007494               0  .text.pwr_key_handle
	$d                                 0x000074a0               0  .text.send_key_event
	$t                                 0x000074a0               0  .text.send_key_event
	$d                                 0x000074bc               0  .text.send_key_event
	$d                                 0x000074c0               0  .text.key_event_get
	$t                                 0x000074c0               0  .text.key_event_get
	$d                                 0x000074ec               0  .text.key_event_get
	$d                                 0x000074f0               0  .text.app_key_event_handle
	$t                                 0x000074f0               0  .text.app_key_event_handle
	$d                                 0x00007518               0  .text.key_scanf
	$t                                 0x00007518               0  .text.key_scanf
	$d                                 0x0000752c               0  .text.key_scanf
	$d                                 0x00007530               0  .text.key_debounce_handler
	$t                                 0x00007530               0  .text.key_debounce_handler
	$d                                 0x000075f8               0  .text.key_debounce_handler
	$d                                 0x00007600               0  .text.app_stop_100_millisecond_timer
	$t                                 0x00007600               0  .text.app_stop_100_millisecond_timer
	$d                                 0x00007624               0  .text.app_stop_100_millisecond_timer
	$d                                 0x00007630               0  .text.app_start_100_millisecond_timer
	$t                                 0x00007630               0  .text.app_start_100_millisecond_timer
	$d                                 0x00007654               0  .text.app_start_100_millisecond_timer
	$d                                 0x00007660               0  .text.app_100_millisecond_timer_check
	$t                                 0x00007660               0  .text.app_100_millisecond_timer_check
	$d                                 0x0000769c               0  .text.app_100_millisecond_timer_check
	$d                                 0x000076a0               0  .text.pogo_pin_output_contrl
	$t                                 0x000076a0               0  .text.pogo_pin_output_contrl
	$d                                 0x000076ba               0  .text.pogo_pin_output_contrl
	$t                                 0x000076be               0  .text.pogo_pin_output_contrl
	$d                                 0x0000773c               0  .text.pogo_pin_output_contrl
	$d                                 0x0000774c               0  .text.EarphoneWakeUp
	$t                                 0x0000774c               0  .text.EarphoneWakeUp
	$d                                 0x00007764               0  .text.EarphoneWakeUp
	$d                                 0x00007770               0  .text.app_charge_type_get
	$t                                 0x00007770               0  .text.app_charge_type_get
	$d                                 0x00007798               0  .text.app_charge_type_get
	$d                                 0x0000779c               0  .text.battery_power_update
	$t                                 0x0000779c               0  .text.battery_power_update
	$d                                 0x000077b0               0  .text.battery_power_update
	$d                                 0x000077bc               0  .text.battery_level_calculate
	$t                                 0x000077bc               0  .text.battery_level_calculate
	$d                                 0x00007804               0  .text.battery_level_calculate
	$d                                 0x00007814               0  .text.ntc_status_update
	$t                                 0x00007814               0  .text.ntc_status_update
	$d                                 0x00007828               0  .text.ntc_status_update
	$d                                 0x00007834               0  .text.charge_current_control
	$t                                 0x00007834               0  .text.charge_current_control
	$d                                 0x000078d8               0  .text.charge_current_control
	$d                                 0x000078e4               0  .text.ntc_status_measure
	$t                                 0x000078e4               0  .text.ntc_status_measure
	$d                                 0x0000793c               0  .text.ntc_status_measure
	$d                                 0x00007954               0  .text.app_deinit
	$t                                 0x00007954               0  .text.app_deinit
	$d                                 0x00007a3c               0  .text.app_deinit
	$d                                 0x00007a44               0  .text.adc_get_val
	$t                                 0x00007a44               0  .text.adc_get_val
	$d                                 0x00007a74               0  .text.adc_get_val
	$d                                 0x00007a78               0  .text.BatteryPowerCheck
	$t                                 0x00007a78               0  .text.BatteryPowerCheck
	$d                                 0x00007ae8               0  .text.BatteryPowerCheck
	$d                                 0x00007b08               0  .text.NTCStatusCheck
	$t                                 0x00007b08               0  .text.NTCStatusCheck
	$d                                 0x00007b80               0  .text.NTCStatusCheck
	$d                                 0x00007b94               0  .text.EarphoneStatusCheck
	$t                                 0x00007b94               0  .text.EarphoneStatusCheck
	$d                                 0x00007c4c               0  .text.EarphoneStatusCheck
	$d                                 0x00007c68               0  .text.EarphoneOvercurrentCheck
	$t                                 0x00007c68               0  .text.EarphoneOvercurrentCheck
	$d                                 0x00007d38               0  .text.EarphoneOvercurrentCheck
	$d                                 0x00007d50               0  .text.app_recover
	$t                                 0x00007d50               0  .text.app_recover
	$d                                 0x00007e70               0  .text.app_recover
	$d                                 0x00007e80               0  .text.system_goto_deepsleep_mode
	$t                                 0x00007e80               0  .text.system_goto_deepsleep_mode
	$d                                 0x00007ecc               0  .text.system_goto_deepsleep_mode
	$d                                 0x00007edc               0  .text.system_shutdown
	$t                                 0x00007edc               0  .text.system_shutdown
	$d                                 0x00007f00               0  .text.system_shutdown
	$d                                 0x00007f04               0  .text.is_hall_active
	$t                                 0x00007f04               0  .text.is_hall_active
	$d                                 0x00007f18               0  .text.is_hall_active
	$d                                 0x00007f1c               0  .text.charging_case_battery_indication_handle
	$t                                 0x00007f1c               0  .text.charging_case_battery_indication_handle
	$d                                 0x00007f4c               0  .text.charging_case_battery_indication_handle
	$d                                 0x00007f50               0  .text.is_earphone_fully_charged
	$t                                 0x00007f50               0  .text.is_earphone_fully_charged
	$d                                 0x00007fbc               0  .text.is_earphone_fully_charged
	$d                                 0x00007fc8               0  .text.box_open_close_handle_progress
	$t                                 0x00007fc8               0  .text.box_open_close_handle_progress
	$d                                 0x0000806e               0  .text.box_open_close_handle_progress
	$t                                 0x00008074               0  .text.box_open_close_handle_progress
	$d                                 0x000081a8               0  .text.box_open_close_handle_progress
	$d                                 0x000081b8               0  .text.app_battery_handle_process_normal
	$t                                 0x000081b8               0  .text.app_battery_handle_process_normal
	$d                                 0x00008248               0  .text.app_battery_handle_process_normal
	$d                                 0x0000825c               0  .text.app_battery_handle_process_charge
	$t                                 0x0000825c               0  .text.app_battery_handle_process_charge
	$d                                 0x000084ac               0  .text.app_battery_handle_process_charge
	$d                                 0x000084ec               0  .text.app_battery_handle_process
	$t                                 0x000084ec               0  .text.app_battery_handle_process
	$d                                 0x0000850c               0  .text.EXI2to3IntHandler
	$t                                 0x0000850c               0  .text.EXI2to3IntHandler
	$d                                 0x00008578               0  .text.EXI2to3IntHandler
	$d                                 0x00008584               0  .text.EXI0IntHandler
	$t                                 0x00008584               0  .text.EXI0IntHandler
	$d                                 0x000085e4               0  .text.EXI0IntHandler
	$d                                 0x000085f0               0  .text.app_close_all_led
	$t                                 0x000085f0               0  .text.app_close_all_led
	$d                                 0x00008630               0  .text.app_close_all_led
	$d                                 0x00008638               0  .text.app_red_led_turn_solid
	$t                                 0x00008638               0  .text.app_red_led_turn_solid
	$d                                 0x00008650               0  .text.app_red_led_turn_solid
	$d                                 0x00008654               0  .text.app_green_led_turn_solid
	$t                                 0x00008654               0  .text.app_green_led_turn_solid
	$d                                 0x0000866c               0  .text.app_green_led_turn_solid
	$d                                 0x00008670               0  .text.app_blue_led_turn_solid
	$t                                 0x00008670               0  .text.app_blue_led_turn_solid
	$d                                 0x00008688               0  .text.app_blue_led_turn_solid
	$d                                 0x0000868c               0  .text.app_red_led_pwm_contrl
	$t                                 0x0000868c               0  .text.app_red_led_pwm_contrl
	$d                                 0x000086e0               0  .text.app_red_led_pwm_contrl
	$d                                 0x000086e4               0  .text.app_green_led_pwm_contrl
	$t                                 0x000086e4               0  .text.app_green_led_pwm_contrl
	$d                                 0x00008738               0  .text.app_green_led_pwm_contrl
	$d                                 0x0000873c               0  .text.app_status_indication_set
	$t                                 0x0000873c               0  .text.app_status_indication_set
	$d                                 0x00008760               0  .text.app_status_indication_set
	$d                                 0x0000876c               0  .text.app_status_indication_get
	$t                                 0x0000876c               0  .text.app_status_indication_get
	$d                                 0x00008774               0  .text.app_status_indication_get
	$d                                 0x00008778               0  .text.app_status_handle_process
	$t                                 0x00008778               0  .text.app_status_handle_process
	$d                                 0x00008788               0  .text.app_status_handle_process
	$t                                 0x000087a8               0  .text.app_status_handle_process
	$d                                 0x00008980               0  .text.app_status_handle_process
	$d                                 0x00008988               0  .text.timer_count
	$t                                 0x00008988               0  .text.timer_count
	$d                                 0x00008a40               0  .text.timer_count
	$d                                 0x00008a48               0  .text.LPTIntHandler
	$t                                 0x00008a48               0  .text.LPTIntHandler
	$d                                 0x00008a88               0  .text.LPTIntHandler
	$d                                 0x00008a8c               0  .text.Coret_Init
	$t                                 0x00008a8c               0  .text.Coret_Init
	$d                                 0x00008ab4               0  .text.StartTimer
	$t                                 0x00008ab4               0  .text.StartTimer
	$d                                 0x00008ad8               0  .text.StartTimer
	$d                                 0x00008adc               0  .text.Coret_DelayMs
	$t                                 0x00008adc               0  .text.Coret_DelayMs
	$d                                 0x00008b74               0  .text.Coret_DelayMs
	__func__.5751                      0x00008ba0      O       27  .rodata
	__func__.5766                      0x00008bcb      O       15  .rodata
	__func__.5568                      0x00008bda      O       31  .rodata
	__func__.5573                      0x00008bf9      O       32  .rodata
	__func__.5582                      0x00008c19      O       30  .rodata
	__func__.5599                      0x00008c37      O       23  .rodata
	__func__.5690                      0x00008c4e      O       15  .rodata
	__func__.5619                      0x00008c5d      O       21  .rodata
	__func__.5627                      0x00008c72      O       24  .rodata
	__func__.5647                      0x00008c8a      O       18  .rodata
	__func__.5652                      0x00008c9c      O       23  .rodata
	__func__.5634                      0x00008cb3      O       18  .rodata
	__func__.5680                      0x00008cc5      O       20  .rodata
	__func__.5580                      0x00008cd9      O       26  .rodata
	blanks.1847                        0x00008e18      O       16  .rodata
	zeroes.1848                        0x00008e28      O       16  .rodata
	CSWTCH.1                           0x00008e38      O      576  .rodata
	pre_ntc_status.5673                0x200001b0      O        4  .data
	pre_status.5723                    0x200001bc      O        4  .data
	pre_status.5744                    0x200001c0      O        4  .data
	pre_status.5753                    0x200001c4      O        4  .data
	cur_status.5588                    0x200001cc      O        4  .data
	pre_status.5587                    0x200001d0      O        4  .data
	__stderr                           0x200001d8      O       28  .data
	__stdout                           0x200001f8      O       28  .data
	__stdin                            0x20000218      O       28  .data
	invert.5269                        0x2000023b      O        1  .bss
	flag.5268                          0x2000023c      O        1  .bss
	cnt.5270                           0x2000023d      O        1  .bss
	SoildTime.5276                     0x2000023e      O        1  .bss
	flag.5274                          0x2000023f      O        1  .bss
	BreathCnt.5275                     0x20000240      O        1  .bss
	SoildTime.5452                     0x20000268      O        1  .bss
	flag.5450                          0x20000269      O        1  .bss
	BreathCnt.5451                     0x2000026a      O        1  .bss
	col_offset.5717                    0x2000026c      O        1  .bss
	comt_status.5748                   0x2000026d      O        1  .bss
	event.5749                         0x20000270      O        4  .bss
	pre_keyval.5794                    0x20000274      O        4  .bss
	key_event.5795                     0x20000278      O        4  .bss
	key_press_cnt.5797                 0x2000027c      O        4  .bss
	cnt_click.5798                     0x20000280      O        1  .bss
	code_click.5796                    0x20000284      O        4  .bss
	battery_check_count.5631           0x20000288      O        1  .bss
	status_change_flag.5671            0x20000289      O        1  .bss
	ntc_trigger_cnt.5670               0x2000028a      O        1  .bss
	overcur_cnt.5686                   0x2000028b      O        1  .bss
	time_cnt.5724                      0x2000028c      O        2  .bss
	time_cnt.5745                      0x2000028e      O        2  .bss
	full_charge_cnt.5755               0x20000290      O        1  .bss
	time_cnt.5754                      0x20000292      O        2  .bss
	time_cnt.5589                      0x20000296      O        2  .bss
	led_flash_cnt.5591                 0x20000298      O        1  .bss
	led_reverse_flag.5590              0x20000299      O        1  .bss
	Time1msCnt                         0x2000029a      O        2  .bss
	Time10msCnt                        0x2000029c      O        2  .bss
	Time50msCnt                        0x2000029e      O        2  .bss
	Time100msCnt                       0x200002a0      O        2  .bss
	Time1sCnt                          0x200002a2      O        2  .bss
	Time5sCnt                          0x200002a4      O        2  .bss
	Time10sCnt                         0x200002a6      O        2  .bss

	Global Symbols

	Symbol Name                        Value        Type   Size  Section
	vector_table                       0x00002000               0  .text
	__start                            0x00002108               0  .text
	__exit                             0x0000215c               0  .text
	__fail                             0x00002172               0  .text
	DummyHandler                       0x00002180               0  .text
	___gnu_csky_case_uqi               0x000021b0      F       20  .text
	___gnu_csky_case_uhi               0x000021c4      F       26  .text
	__muldi3                           0x000021e0      F       68  .text
	__fixunsdfsi                       0x00002224      F       56  .text
	__udivdi3                          0x0000225c      F      940  .text
	__umoddi3                          0x00002608      F      928  .text
	__addsf3                           0x00002af4      F       42  .text
	__subsf3                           0x00002b20      F       50  .text
	__divsf3                           0x00002b54      F      188  .text
	__fixsfsi                          0x00002c10      F       84  .text
	__floatunsisf                      0x00002c64      F       96  .text
	__adddf3                           0x00002f98      F       46  .text
	__subdf3                           0x00002fc8      F       54  .text
	__muldf3                           0x00003000      F      564  .text
	__divdf3                           0x00003234      F      340  .text
	__gedf2                            0x00003388      F       60  .text
	__fixdfsi                          0x000033c4      F      112  .text
	__floatunsidf                      0x00003434      F       84  .text
	__clzsi2                           0x00003488      F       64  .text
	__pack_f                           0x000034c8      F      184  .text
	__unpack_f                         0x00003580      F      132  .text
	__pack_d                           0x00003604      F      412  .text
	__unpack_d                         0x000037a0      F      196  .text
	__fpcmp_parts_d                    0x00003864      F      140  .text
	__cskyvprintfprintf                0x000038f0      F       34  .text
	__GI_puts                          0x00003914      F       24  .text
	puts                               0x00003914    w F       24  .text
	__stdio_outs                       0x0000392c    w F       52  .text
	__cskyvprintfvprintf               0x00003960      F       32  .text
	__GI_fputs                         0x00003980      F       72  .text
	fputs                              0x00003980    w F       72  .text
	__memset_fast                      0x000039c8    w F      136  .text
	memset                             0x000039c8    w F      136  .text
	__strlen_fast                      0x00003a50    w F       82  .text
	strlen                             0x00003a50    w F       82  .text
	__GI_strstr                        0x00003aa4      F       36  .text
	strstr                             0x00003aa4    w F       36  .text
	__memcpy_fast                      0x00003ac8    w F      100  .text
	memcpy                             0x00003ac8    w F      100  .text
	__GI_os_critical_open              0x00003b2c      F        4  .text
	os_critical_open                   0x00003b2c    w F        4  .text
	__GI_os_critical_enter             0x00003b30      F        4  .text
	os_critical_enter                  0x00003b30    w F        4  .text
	__GI_os_critical_exit              0x00003b34      F        4  .text
	os_critical_exit                   0x00003b34    w F        4  .text
	__GI_os_critical_close             0x00003b38      F        4  .text
	os_critical_close                  0x00003b38    w F        4  .text
	__v2_printf                        0x00003b70      F     1828  .text
	__v2_printf$DFHLlMOPpSSsWp         0x00003b70      F     1828  .text
	__GI___dtostr                      0x000042ba      F      826  .text
	__dtostr                           0x000042ba      F      826  .text
	__isnan                            0x000045f4      F       48  .text
	__strcpy_fast                      0x00004624    w F      176  .text
	strcpy                             0x00004624    w F      176  .text
	__GI_strchr                        0x000046d4      F       18  .text
	strchr                             0x000046d4    w F       18  .text
	__GI_strerror                      0x000046e8      F       28  .text
	strerror                           0x000046e8      F       28  .text
	__isinf                            0x00004704      F       48  .text
	__eqdf2                            0x00004734      F       58  .text
	__gtdf2                            0x00004770      F       60  .text
	__ltdf2                            0x000047ac      F       58  .text
	__floatsidf                        0x000047e8      F      112  .text
	__main                             0x00004858      F       56  .text.__main
	SYSCON_RST_VALUE                   0x00004908      F       88  .text.SYSCON_RST_VALUE
	SYSCON_General_CMD                 0x00004960      F       48  .text.SYSCON_General_CMD
	SystemCLK_HCLKDIV_PCLKDIV_Config   0x00004990      F      124  .text.SystemCLK_HCLKDIV_PCLKDIV_Config
	SYSCON_HFOSC_SELECTE               0x00004a0c      F       40  .text.SYSCON_HFOSC_SELECTE
	SYSCON_WDT_CMD                     0x00004a34      F       60  .text.SYSCON_WDT_CMD
	SYSCON_IWDCNT_Reload               0x00004a70      F       20  .text.SYSCON_IWDCNT_Reload
	SYSCON_IWDCNT_Config               0x00004a84      F       24  .text.SYSCON_IWDCNT_Config
	SYSCON_LVD_Config                  0x00004a9c      F       32  .text.SYSCON_LVD_Config
	EXTI_trigger_CMD                   0x00004abc      F       64  .text.EXTI_trigger_CMD
	EXTI_interrupt_CMD                 0x00004afc      F       52  .text.EXTI_interrupt_CMD
	PCLK_goto_deepsleep_mode           0x00004b30      F       20  .text.PCLK_goto_deepsleep_mode
	EXI0_Int_Enable                    0x00004b44      F       12  .text.EXI0_Int_Enable
	EXI1_Int_Enable                    0x00004b50      F       16  .text.EXI1_Int_Enable
	EXI2_Int_Enable                    0x00004b60      F       16  .text.EXI2_Int_Enable
	EXI3_Int_Enable                    0x00004b70      F       16  .text.EXI3_Int_Enable
	EXI0_WakeUp_Enable                 0x00004b80      F       12  .text.EXI0_WakeUp_Enable
	EXI1_WakeUp_Enable                 0x00004b8c      F       16  .text.EXI1_WakeUp_Enable
	EXI1_WakeUp_Disable                0x00004b9c      F       16  .text.EXI1_WakeUp_Disable
	EXI2_WakeUp_Enable                 0x00004bac      F       16  .text.EXI2_WakeUp_Enable
	EXI3_WakeUp_Enable                 0x00004bbc      F       16  .text.EXI3_WakeUp_Enable
	EXI3_WakeUp_Disable                0x00004bcc      F       16  .text.EXI3_WakeUp_Disable
	SYSCON_INT_Priority                0x00004bdc      F       48  .text.SYSCON_INT_Priority
	CORET_DeInit                       0x00004c0c      F       24  .text.CORET_DeInit
	CORET_Int_Disable                  0x00004c24      F       12  .text.CORET_Int_Disable
	CORET_start                        0x00004c30      F       16  .text.CORET_start
	CORET_stop                         0x00004c40      F       16  .text.CORET_stop
	CORET_CLKSOURCE_EX                 0x00004c50      F       16  .text.CORET_CLKSOURCE_EX
	CORET_TICKINT_Enable               0x00004c60      F       16  .text.CORET_TICKINT_Enable
	CORET_reload                       0x00004c70      F       16  .text.CORET_reload
	GPIO_Init                          0x00004c80      F      224  .text.GPIO_Init
	GPIO_InPutOutPut_Disable           0x00004d60      F      164  .text.GPIO_InPutOutPut_Disable
	GPIO_PullHigh_Init                 0x00004e04      F       20  .text.GPIO_PullHigh_Init
	GPIO_PullLow_Init                  0x00004e18      F       20  .text.GPIO_PullLow_Init
	GPIO_PullHighLow_DIS               0x00004e2c      F       14  .text.GPIO_PullHighLow_DIS
	GPIO_IntGroup_Set                  0x00004e3c      F      268  .text.GPIO_IntGroup_Set
	GPIOA0_EXI_Init                    0x00004f48      F      252  .text.GPIOA0_EXI_Init
	GPIO_EXI_EN                        0x00005044      F       12  .text.GPIO_EXI_EN
	GPIO_Write_High                    0x00005050      F        8  .text.GPIO_Write_High
	GPIO_Write_Low                     0x00005058      F        8  .text.GPIO_Write_Low
	GPIO_Reverse                       0x00005060      F       22  .text.GPIO_Reverse
	GPIO_Read_Status                   0x00005076      F       16  .text.GPIO_Read_Status
	LPT_DeInit                         0x00005088      F       60  .text.LPT_DeInit
	LPT_Configure                      0x000050c4      F       44  .text.LPT_Configure
	LPT_Period_CMP_Write               0x000050f0      F       16  .text.LPT_Period_CMP_Write
	LPT_Start                          0x00005100      F       16  .text.LPT_Start
	LPT_Stop                           0x00005110      F       16  .text.LPT_Stop
	LPT_ConfigInterrupt_CMD            0x00005120      F       28  .text.LPT_ConfigInterrupt_CMD
	LPT_INT_ENABLE                     0x0000513c      F       16  .text.LPT_INT_ENABLE
	WWDT_CONFIG                        0x0000514c      F       24  .text.WWDT_CONFIG
	WWDT_CNT_Load                      0x00005164      F       16  .text.WWDT_CNT_Load
	WWDT_Int_Config                    0x00005174      F       52  .text.WWDT_Int_Config
	BT_Stop                            0x000051a8      F        8  .text.BT_Stop
	GPT_Stop                           0x000051b0      F       16  .text.GPT_Stop
	UART1_DeInit                       0x000051c0      F       24  .text.UART1_DeInit
	UART2_DeInit                       0x000051d8      F       24  .text.UART2_DeInit
	UART1_Int_Enable                   0x000051f0      F       28  .text.UART1_Int_Enable
	UART2_Int_Enable                   0x0000520c      F       28  .text.UART2_Int_Enable
	UART2_Int_Disable                  0x00005228      F       16  .text.UART2_Int_Disable
	UART1_WakeUp_Enable                0x00005238      F       16  .text.UART1_WakeUp_Enable
	UART_IO_Init                       0x00005248      F      232  .text.UART_IO_Init
	UARTInitRxIntEn                    0x00005330      F       16  .text.UARTInitRxIntEn
	UARTClose                          0x00005340      F        6  .text.UARTClose
	UARTTxByte                         0x00005346      F       14  .text.UARTTxByte
	I2C_DeInit                         0x00005354      F       24  .text.I2C_DeInit
	I2C_Slave_CONFIG                   0x0000536c      F      316  .text.I2C_Slave_CONFIG
	I2C_SDA_TSETUP_THOLD_CONFIG        0x000054a8      F       20  .text.I2C_SDA_TSETUP_THOLD_CONFIG
	I2C_ConfigInterrupt_CMD            0x000054bc      F       28  .text.I2C_ConfigInterrupt_CMD
	I2C_FIFO_TriggerData               0x000054d8      F       16  .text.I2C_FIFO_TriggerData
	I2C_Enable                         0x000054e8      F       28  .text.I2C_Enable
	I2C_Disable                        0x00005504      F       28  .text.I2C_Disable
	I2C_Int_Enable                     0x00005520      F       16  .text.I2C_Int_Enable
	I2C_Slave_Receive                  0x00005530      F      380  .text.I2C_Slave_Receive
	EPT_Software_Prg                   0x000056ac      F       32  .text.EPT_Software_Prg
	EPT_Start                          0x000056cc      F       40  .text.EPT_Start
	EPT_Stop                           0x000056f4      F       40  .text.EPT_Stop
	EPT_IO_SET                         0x0000571c      F      552  .text.EPT_IO_SET
	EPT_PWM_Config                     0x00005944      F       52  .text.EPT_PWM_Config
	EPT_PWMX_Output_Control            0x00005978      F      216  .text.EPT_PWMX_Output_Control
	EPT_PRDR_CMPA_CMPB_CMPC_CMPD_Config0x00005a50      F       28  .text.EPT_PRDR_CMPA_CMPB_CMPC_CMPD_Config
	EPT_Int_Enable                     0x00005a6c      F       20  .text.EPT_Int_Enable
	EPT_Vector_Int_Enable              0x00005a80      F       12  .text.EPT_Vector_Int_Enable
	EPT_Vector_Int_Disable             0x00005a8c      F       12  .text.EPT_Vector_Int_Disable
	ADC12_RESET_VALUE                  0x00005a98      F      108  .text.ADC12_RESET_VALUE
	ADC12_Control                      0x00005b04      F       16  .text.ADC12_Control
	ADC12_CLK_CMD                      0x00005b34      F       44  .text.ADC12_CLK_CMD
	ADC12_CMD                          0x00005b60      F       40  .text.ADC12_CMD
	ADC12_ready_wait                   0x00005b88      F       20  .text.ADC12_ready_wait
	ADC12_SEQEND_wait                  0x00005b9c      F       24  .text.ADC12_SEQEND_wait
	ADC12_DATA_OUPUT                   0x00005bb4      F       20  .text.ADC12_DATA_OUPUT
	ADC12_Configure_Mode               0x00005bc8      F      124  .text.ADC12_Configure_Mode
	ADC12_Configure_VREF_Selecte       0x00005c44      F      384  .text.ADC12_Configure_VREF_Selecte
	ADC12_ConversionChannel_Config     0x00005dc4      F      336  .text.ADC12_ConversionChannel_Config
	I2C_SLAVE_CONFIG                   0x00005f14      F      104  .text.I2C_SLAVE_CONFIG
	UART1_CONFIG                       0x00005f7c      F       56  .text.UART1_CONFIG
	fputc                              0x00005fb4      F       24  .text.fputc
	SYSCON_CONFIG                      0x00005fcc      F      128  .text.SYSCON_CONFIG
	APT32F102_init                     0x0000604c      F      112  .text.APT32F102_init
	CORETHandler                       0x000060bc      F       24  .text.CORETHandler
	SYSCONIntHandler                   0x000060d4      F      228  .text.SYSCONIntHandler
	IFCIntHandler                      0x000061b8      F      236  .text.IFCIntHandler
	BT0IntHandler                      0x000062a4      F      192  .text.BT0IntHandler
	GPT0IntHandler                     0x00006364      F      336  .text.GPT0IntHandler
	WWDTHandler                        0x000064b4      F       76  .text.WWDTHandler
	BT1IntHandler                      0x00006500      F       72  .text.BT1IntHandler
	RTCIntHandler                      0x00006548      F      112  .text.RTCIntHandler
	UART0IntHandler                    0x000065b8      F       76  .text.UART0IntHandler
	UART1IntHandler                    0x00006604      F      144  .text.UART1IntHandler
	I2CIntHandler                      0x00006694      F       20  .text.I2CIntHandler
	SPI0IntHandler                     0x000066a8      F       60  .text.SPI0IntHandler
	SIO0IntHandler                     0x000066e4      F      132  .text.SIO0IntHandler
	EXI9to13IntHandler                 0x00006768      F       84  .text.EXI9to13IntHandler
	PriviledgeVioHandler               0x000067bc      F        2  .text.PriviledgeVioHandler
	PendTrapHandler                    0x000067be      F        8  .text.PendTrapHandler
	Trap3Handler                       0x000067c6      F        8  .text.Trap3Handler
	Trap2Handler                       0x000067ce      F        8  .text.Trap2Handler
	Trap1Handler                       0x000067d6      F        8  .text.Trap1Handler
	Trap0Handler                       0x000067de      F        8  .text.Trap0Handler
	UnrecExecpHandler                  0x000067e6      F        8  .text.UnrecExecpHandler
	BreakPointHandler                  0x000067ee      F        8  .text.BreakPointHandler
	AccessErrHandler                   0x000067f6      F        8  .text.AccessErrHandler
	IllegalInstrHandler                0x000067fe      F        8  .text.IllegalInstrHandler
	MisalignedHandler                  0x00006806      F        8  .text.MisalignedHandler
	TKEYIntHandler                     0x0000680e      F        8  .text.TKEYIntHandler
	CNTAIntHandler                     0x00006816      F        8  .text.CNTAIntHandler
	ADCIntHandler                      0x0000681e      F        8  .text.ADCIntHandler
	main                               0x00006828      F      364  .text.startup.main
	delayus_Bycode                     0x00006994      F       42  .text.delayus_Bycode
	delayms_Bycode                     0x000069be      F       28  .text.delayms_Bycode
	JumpToIAP                          0x000069dc      F       28  .text.JumpToIAP
	prog_uart_send                     0x000069f8      F       36  .text.prog_uart_send
	SendRstACK                         0x00006a1c      F       60  .text.SendRstACK
	wait_syncpin_release               0x00006a58      F       88  .text.wait_syncpin_release
	program_trig_check                 0x00006ab0      F       64  .text.program_trig_check
	__divsi3                           0x00006af0      F       36  .text.__divsi3
	__udivsi3                          0x00006b14      F       36  .text.__udivsi3
	__modsi3                           0x00006b38      F       36  .text.__modsi3
	__umodsi3                          0x00006b5c      F       36  .text.__umodsi3
	CK_CPU_EnAllNormalIrq              0x00006b80      F        6  .text.CK_CPU_EnAllNormalIrq
	CK_CPU_DisAllNormalIrq             0x00006b86      F        6  .text.CK_CPU_DisAllNormalIrq
	LPT_Init                           0x00006b8c      F       72  .text.LPT_Init
	led_hardware_setup                 0x00006bd4      F      136  .text.led_hardware_setup
	EPT0IntHandler                     0x00006c5c      F      480  .text.EPT0IntHandler
	adc_hardware_setup                 0x00006e3c      F      120  .text.adc_hardware_setup
	charging_hardware_setup            0x00006eb4      F      276  .text.charging_hardware_setup
	communicate_hardware_setup         0x00006fc8      F      184  .text.communicate_hardware_setup
	ReduceSYSCLKto5556KHZ              0x00007080      F      164  .text.ReduceSYSCLKto5556KHZ
	EXI1IntHandler                     0x00007124      F       32  .text.EXI1IntHandler
	EXI4to8IntHandler                  0x00007144      F       80  .text.EXI4to8IntHandler
	UART2IntHandler                    0x00007194      F      212  .text.UART2IntHandler
	handle_uart2_recv_data             0x00007268      F      128  .text.handle_uart2_recv_data
	IO_port_analog_uart_send_data      0x000072e8      F       64  .text.IO_port_analog_uart_send_data
	send_communicate_event             0x00007328      F       32  .text.send_communicate_event
	communicate_event_get              0x00007348      F       44  .text.communicate_event_get
	communicate_process_handle         0x00007374      F      220  .text.communicate_process_handle
	pwr_key_handle                     0x00007450      F       80  .text.pwr_key_handle
	send_key_event                     0x000074a0      F       32  .text.send_key_event
	key_event_get                      0x000074c0      F       48  .text.key_event_get
	app_key_event_handle               0x000074f0      F       38  .text.app_key_event_handle
	key_scanf                          0x00007518      F       24  .text.key_scanf
	key_debounce_handler               0x00007530      F      208  .text.key_debounce_handler
	app_stop_100_millisecond_timer     0x00007600      F       48  .text.app_stop_100_millisecond_timer
	app_start_100_millisecond_timer    0x00007630      F       48  .text.app_start_100_millisecond_timer
	app_100_millisecond_timer_check    0x00007660      F       64  .text.app_100_millisecond_timer_check
	pogo_pin_output_contrl             0x000076a0      F      172  .text.pogo_pin_output_contrl
	EarphoneWakeUp                     0x0000774c      F       36  .text.EarphoneWakeUp
	app_charge_type_get                0x00007770      F       44  .text.app_charge_type_get
	battery_power_update               0x0000779c      F       32  .text.battery_power_update
	battery_level_calculate            0x000077bc      F       88  .text.battery_level_calculate
	ntc_status_update                  0x00007814      F       32  .text.ntc_status_update
	charge_current_control             0x00007834      F      176  .text.charge_current_control
	ntc_status_measure                 0x000078e4      F      112  .text.ntc_status_measure
	app_deinit                         0x00007954      F      240  .text.app_deinit
	adc_get_val                        0x00007a44      F       52  .text.adc_get_val
	BatteryPowerCheck                  0x00007a78      F      144  .text.BatteryPowerCheck
	NTCStatusCheck                     0x00007b08      F      140  .text.NTCStatusCheck
	EarphoneStatusCheck                0x00007b94      F      212  .text.EarphoneStatusCheck
	EarphoneOvercurrentCheck           0x00007c68      F      232  .text.EarphoneOvercurrentCheck
	app_recover                        0x00007d50      F      304  .text.app_recover
	system_goto_deepsleep_mode         0x00007e80      F       92  .text.system_goto_deepsleep_mode
	system_shutdown                    0x00007edc      F       40  .text.system_shutdown
	is_hall_active                     0x00007f04      F       24  .text.is_hall_active
	charging_case_battery_indication_handle0x00007f1c      F       52  .text.charging_case_battery_indication_handle
	is_earphone_fully_charged          0x00007f50      F      120  .text.is_earphone_fully_charged
	box_open_close_handle_progress     0x00007fc8      F      496  .text.box_open_close_handle_progress
	app_battery_handle_process_normal  0x000081b8      F      164  .text.app_battery_handle_process_normal
	app_battery_handle_process_charge  0x0000825c      F      656  .text.app_battery_handle_process_charge
	app_battery_handle_process         0x000084ec      F       32  .text.app_battery_handle_process
	EXI2to3IntHandler                  0x0000850c      F      120  .text.EXI2to3IntHandler
	EXI0IntHandler                     0x00008584      F      108  .text.EXI0IntHandler
	app_close_all_led                  0x000085f0      F       72  .text.app_close_all_led
	app_red_led_turn_solid             0x00008638      F       28  .text.app_red_led_turn_solid
	app_green_led_turn_solid           0x00008654      F       28  .text.app_green_led_turn_solid
	app_blue_led_turn_solid            0x00008670      F       28  .text.app_blue_led_turn_solid
	app_red_led_pwm_contrl             0x0000868c      F       88  .text.app_red_led_pwm_contrl
	app_green_led_pwm_contrl           0x000086e4      F       88  .text.app_green_led_pwm_contrl
	app_status_indication_set          0x0000873c      F       48  .text.app_status_indication_set
	app_status_indication_get          0x0000876c      F       12  .text.app_status_indication_get
	app_status_handle_process          0x00008778      F      528  .text.app_status_handle_process
	timer_count                        0x00008988      F      192  .text.timer_count
	LPTIntHandler                      0x00008a48      F       68  .text.LPTIntHandler
	Coret_Init                         0x00008a8c      F       38  .text.Coret_Init
	StartTimer                         0x00008ab4      F       40  .text.StartTimer
	Coret_DelayMs                      0x00008adc      F      168  .text.Coret_DelayMs
	rststr                             0x00008b84      O        8  .rodata
	rstpattern                         0x00008b8c      O        9  .rodata
	jmpIAPstr                          0x00008b95      O       11  .rodata
	ptp_pairing                        0x00008bbb      O        4  .rodata
	bt_pairing                         0x00008bbf      O        4  .rodata
	factory_reset                      0x00008bc3      O        4  .rodata
	freeman_mode                       0x00008bc7      O        4  .rodata
	__thenan_sf                        0x00008cf4      O       16  .rodata
	__thenan_df                        0x00008d04      O       20  .rodata
	__clz_tab                          0x00008d18      O      256  .rodata
	_end_rodata                        0x00009acc               0  .rodata
	SYSCLK                             0x20000000      O        4  .data
	_start_data                        0x20000000               0  .data
	HWD                                0x20000004      O        4  .data
	CRC                                0x20000008      O        4  .data
	BT1                                0x2000000c      O        4  .data
	BT0                                0x20000010      O        4  .data
	WWDT                               0x20000014      O        4  .data
	LPT                                0x20000018      O        4  .data
	RTC                                0x2000001c      O        4  .data
	ETCB                               0x20000020      O        4  .data
	EPT0                               0x20000024      O        4  .data
	GPT0                               0x20000028      O        4  .data
	CA0                                0x2000002c      O        4  .data
	SIO0                               0x20000030      O        4  .data
	I2C0                               0x20000034      O        4  .data
	SPI0                               0x20000038      O        4  .data
	UART2                              0x2000003c      O        4  .data
	UART1                              0x20000040      O        4  .data
	UART0                              0x20000044      O        4  .data
	GPIOGRP                            0x20000048      O        4  .data
	GPIOB0                             0x2000004c      O        4  .data
	GPIOA0                             0x20000050      O        4  .data
	ADC0                               0x20000054      O        4  .data
	TKEY                               0x20000058      O        4  .data
	SYSCON                             0x2000005c      O        4  .data
	IFC                                0x20000060      O        4  .data
	CK801                              0x20000064      O        4  .data
	uart2_que                          0x20000068      O      116  .data
	com_que                            0x200000dc      O       28  .data
	key_que                            0x200000f8      O       48  .data
	app_100_millisecond_array          0x20000128      O      120  .data
	earphone_status                    0x200001a0      O        4  .data
	battery_status                     0x200001a4      O        4  .data
	battery_percentage                 0x200001a8      O        1  .data
	NTC_status                         0x200001ac      O        4  .data
	is_system_active                   0x200001b4      O        1  .data
	hall_status                        0x200001b8      O        4  .data
	app_status                         0x200001c8      O        4  .data
	stderr                             0x200001d4      O        4  .data
	stdout                             0x200001f4      O        4  .data
	stdin                              0x20000214      O        4  .data
	_end_data                          0x20000234               0  .data
	RxDataFlag                         0x20000234      O        1  .bss
	_bss_start                         0x20000234               0  .bss
	TxDataFlag                         0x20000235      O        1  .bss
	f_ERROR                            0x20000236      O        1  .bss
	RdIndex                            0x20000237      O        1  .bss
	WrIndex                            0x20000238      O        1  .bss
	f_Drom_writing                     0x20000239      O        1  .bss
	f_Drom_write_complete              0x2000023a      O        1  .bss
	CHG_DET_EIX                        0x20000241      O        1  .bss
	R_DET_EXI                          0x20000242      O        1  .bss
	L_DET_EXI                          0x20000243      O        1  .bss
	progDatabuf                        0x20000244      O       32  .bss
	indx                               0x20000264      O        4  .bss
	is_wireless5V_enable               0x20000294      O        1  .bss
	R_IIC_ERROR_CONT                   0x200002a8      O        4  .bss
	I2C_St_Adress                      0x200002ac      O        1  .bss
	I2CWrBuffer                        0x200002ad      O       32  .bss
	I2C_Data_Adress                    0x200002cd      O        1  .bss
	I2CRdBuffer                        0x200002ce      O       32  .bss
	R_INT_FlashAdd                     0x200002f0      O        4  .bss
	ifc_step                           0x200002f4      O        1  .bss
	R_CMPB_BUF                         0x200002f8      O        4  .bss
	r_urat_cont                        0x200002fc      O        1  .bss
	Temp                               0x200002fd      O        1  .bss
	R_SIOTX_count                      0x20000300      O        4  .bss
	r_uart_buf                         0x20000304      O        9  .bss
	SPI_DATA                           0x20000310      O       32  .bss
	R_CMPA_BUF                         0x20000330      O        4  .bss
	f_io_toggle                        0x20000334      O        1  .bss
	R_SIORX_count                      0x20000338      O        4  .bss
	R_SIORX_buf                        0x2000033c      O       40  .bss
	TimerFlag                          0x20000364      O        1  .bss
	CORETCLK                           0x20000368      O        4  .bss
	errno                              0x2000036c      O        4  .bss
	__malloc_lock                      0x20000370      O        4  .bss
	_ebss                              0x20000374               0  .bss
	_end                               0x20000374               0  .bss
	end                                0x20000374               0  .bss
	__kernel_stack                     0x20000ff8               0  .text

	(w:Weak    d:Deubg    F:Function    f:File name    O:Zero)


======================================================================

Memory Map of the image

    Image Entry point : 0x00002108

    Region ROM (Base: 0x00002000, Size: 0x00007acc, Max: 0x0000e000)

    Base Addr    Size         Type   Attr      Idx   Section Name       Object
    0x00002000   0x000001b0   Code   RO         16  .text          	Obj/arch_crt0.o
    0x000021b0   0x00000014   Code   RO       1019  .text          	_csky_case_uqi.o
    0x000021c4   0x0000001a   Code   RO       1024  .text          	_csky_case_uhi.o
    0x000021de   0x00000002   PAD
    0x000021e0   0x00000044   Code   RO       1029  .text          	_muldi3.o
    0x00002224   0x00000038   Code   RO       1036  .text          	_fixunsdfsi.o
    0x0000225c   0x000003ac   Code   RO       1043  .text          	_udivdi3.o
    0x00002608   0x000003a0   Code   RO       1050  .text          	_umoddi3.o
    0x000029a8   0x000001aa   Code   RO       1057  .text          	_addsub_sf.o
    0x00002b52   0x00000002   PAD
    0x00002b54   0x000000bc   Code   RO       1064  .text          	_div_sf.o
    0x00002c10   0x00000054   Code   RO       1071  .text          	_sf_to_si.o
    0x00002c64   0x00000060   Code   RO       1085  .text          	_usi_to_sf.o
    0x00002cc4   0x0000033a   Code   RO       1092  .text          	_addsub_df.o
    0x00002ffe   0x00000002   PAD
    0x00003000   0x00000234   Code   RO       1099  .text          	_mul_df.o
    0x00003234   0x00000154   Code   RO       1106  .text          	_div_df.o
    0x00003388   0x0000003c   Code   RO       1113  .text          	_ge_df.o
    0x000033c4   0x00000070   Code   RO       1120  .text          	_df_to_si.o
    0x00003434   0x00000054   Code   RO       1134  .text          	_usi_to_df.o
    0x00003488   0x00000040   Code   RO       1148  .text          	_clzsi2.o
    0x000034c8   0x000000b8   Code   RO       1154  .text          	_pack_sf.o
    0x00003580   0x00000084   Code   RO       1161  .text          	_unpack_sf.o
    0x00003604   0x0000019c   Code   RO       1168  .text          	_pack_df.o
    0x000037a0   0x000000c4   Code   RO       1175  .text          	_unpack_df.o
    0x00003864   0x0000008c   Code   RO       1182  .text          	_fpcmp_parts_df.o
    0x000038f0   0x00000022   Code   RO       1196  .text          	printf_required.o
    0x00003912   0x00000002   PAD
    0x00003914   0x00000018   Code   RO       1203  .text          	puts.o
    0x0000392c   0x00000054   Code   RO       1210  .text          	vprintf_required.o
    0x00003980   0x00000048   Code   RO       1223  .text          	fputs.o
    0x000039c8   0x00000088   Code   RO       1230  .text          	memset_fast.o
    0x00003a50   0x00000052   Code   RO       1235  .text          	strlen_fast.o
    0x00003aa2   0x00000002   PAD
    0x00003aa4   0x00000024   Code   RO       1240  .text          	strstr.o
    0x00003ac8   0x00000064   Code   RO       1245  .text          	memcpy_fast.o
    0x00003b2c   0x00000010   Code   RO       1251  .text          	critical.o
    0x00003b3c   0x00000758   Code   RO       1409  .text          	__v2_printfDFHLlMOPpSSsWp.o
    0x00004294   0x00000360   Code   RO       1476  .text          	__dtostr.o
    0x000045f4   0x00000030   Code   RO       1484  .text          	__isnan.o
    0x00004624   0x000000b0   Code   RO       1490  .text          	strcpy_fast.o
    0x000046d4   0x00000012   Code   RO       1495  .text          	strchr.o
    0x000046e6   0x00000002   PAD
    0x000046e8   0x0000001c   Code   RO       1500  .text          	strerror.o
    0x00004704   0x00000030   Code   RO       1508  .text          	__isinf.o
    0x00004734   0x0000003a   Code   RO       1514  .text          	_eq_df.o
    0x0000476e   0x00000002   PAD
    0x00004770   0x0000003c   Code   RO       1521  .text          	_gt_df.o
    0x000047ac   0x0000003a   Code   RO       1528  .text          	_lt_df.o
    0x000047e6   0x00000002   PAD
    0x000047e8   0x00000070   Code   RO       1535  .text          	_si_to_df.o
    0x00004858   0x00000038   Code   RO         28  .text.__main   	Obj/arch_mem_init.o
    0x00004890   0x00000078   Code   RO         43  .text.SYSCON_General_CMD.part.0	Obj/FWlib_apt32f102_syscon.o
    0x00004908   0x00000058   Code   RO         44  .text.SYSCON_RST_VALUE	Obj/FWlib_apt32f102_syscon.o
    0x00004960   0x00000030   Code   RO         46  .text.SYSCON_General_CMD	Obj/FWlib_apt32f102_syscon.o
    0x00004990   0x0000007c   Code   RO         47  .text.SystemCLK_HCLKDIV_PCLKDIV_Config	Obj/FWlib_apt32f102_syscon.o
    0x00004a0c   0x00000028   Code   RO         49  .text.SYSCON_HFOSC_SELECTE	Obj/FWlib_apt32f102_syscon.o
    0x00004a34   0x0000003c   Code   RO         50  .text.SYSCON_WDT_CMD	Obj/FWlib_apt32f102_syscon.o
    0x00004a70   0x00000014   Code   RO         51  .text.SYSCON_IWDCNT_Reload	Obj/FWlib_apt32f102_syscon.o
    0x00004a84   0x00000018   Code   RO         52  .text.SYSCON_IWDCNT_Config	Obj/FWlib_apt32f102_syscon.o
    0x00004a9c   0x00000020   Code   RO         53  .text.SYSCON_LVD_Config	Obj/FWlib_apt32f102_syscon.o
    0x00004abc   0x00000040   Code   RO         59  .text.EXTI_trigger_CMD	Obj/FWlib_apt32f102_syscon.o
    0x00004afc   0x00000034   Code   RO         60  .text.EXTI_interrupt_CMD	Obj/FWlib_apt32f102_syscon.o
    0x00004b30   0x00000014   Code   RO         63  .text.PCLK_goto_deepsleep_mode	Obj/FWlib_apt32f102_syscon.o
    0x00004b44   0x0000000c   Code   RO         64  .text.EXI0_Int_Enable	Obj/FWlib_apt32f102_syscon.o
    0x00004b50   0x00000010   Code   RO         66  .text.EXI1_Int_Enable	Obj/FWlib_apt32f102_syscon.o
    0x00004b60   0x00000010   Code   RO         68  .text.EXI2_Int_Enable	Obj/FWlib_apt32f102_syscon.o
    0x00004b70   0x00000010   Code   RO         70  .text.EXI3_Int_Enable	Obj/FWlib_apt32f102_syscon.o
    0x00004b80   0x0000000c   Code   RO         74  .text.EXI0_WakeUp_Enable	Obj/FWlib_apt32f102_syscon.o
    0x00004b8c   0x00000010   Code   RO         76  .text.EXI1_WakeUp_Enable	Obj/FWlib_apt32f102_syscon.o
    0x00004b9c   0x00000010   Code   RO         77  .text.EXI1_WakeUp_Disable	Obj/FWlib_apt32f102_syscon.o
    0x00004bac   0x00000010   Code   RO         78  .text.EXI2_WakeUp_Enable	Obj/FWlib_apt32f102_syscon.o
    0x00004bbc   0x00000010   Code   RO         80  .text.EXI3_WakeUp_Enable	Obj/FWlib_apt32f102_syscon.o
    0x00004bcc   0x00000010   Code   RO         81  .text.EXI3_WakeUp_Disable	Obj/FWlib_apt32f102_syscon.o
    0x00004bdc   0x00000030   Code   RO         92  .text.SYSCON_INT_Priority	Obj/FWlib_apt32f102_syscon.o
    0x00004c0c   0x00000018   Code   RO        108  .text.CORET_DeInit	Obj/FWlib_apt32f102_coret.o
    0x00004c24   0x0000000c   Code   RO        110  .text.CORET_Int_Disable	Obj/FWlib_apt32f102_coret.o
    0x00004c30   0x00000010   Code   RO        113  .text.CORET_start	Obj/FWlib_apt32f102_coret.o
    0x00004c40   0x00000010   Code   RO        114  .text.CORET_stop	Obj/FWlib_apt32f102_coret.o
    0x00004c50   0x00000010   Code   RO        115  .text.CORET_CLKSOURCE_EX	Obj/FWlib_apt32f102_coret.o
    0x00004c60   0x00000010   Code   RO        117  .text.CORET_TICKINT_Enable	Obj/FWlib_apt32f102_coret.o
    0x00004c70   0x00000010   Code   RO        119  .text.CORET_reload	Obj/FWlib_apt32f102_coret.o
    0x00004c80   0x000000e0   Code   RO        135  .text.GPIO_Init	Obj/FWlib_apt32f102_gpio.o
    0x00004d60   0x000000a4   Code   RO        136  .text.GPIO_InPutOutPut_Disable	Obj/FWlib_apt32f102_gpio.o
    0x00004e04   0x00000014   Code   RO        138  .text.GPIO_PullHigh_Init	Obj/FWlib_apt32f102_gpio.o
    0x00004e18   0x00000014   Code   RO        139  .text.GPIO_PullLow_Init	Obj/FWlib_apt32f102_gpio.o
    0x00004e2c   0x0000000e   Code   RO        140  .text.GPIO_PullHighLow_DIS	Obj/FWlib_apt32f102_gpio.o
    0x00004e3c   0x0000010c   Code   RO        146  .text.GPIO_IntGroup_Set	Obj/FWlib_apt32f102_gpio.o
    0x00004f48   0x000000fc   Code   RO        147  .text.GPIOA0_EXI_Init	Obj/FWlib_apt32f102_gpio.o
    0x00005044   0x0000000c   Code   RO        149  .text.GPIO_EXI_EN	Obj/FWlib_apt32f102_gpio.o
    0x00005050   0x00000008   Code   RO        150  .text.GPIO_Write_High	Obj/FWlib_apt32f102_gpio.o
    0x00005058   0x00000008   Code   RO        151  .text.GPIO_Write_Low	Obj/FWlib_apt32f102_gpio.o
    0x00005060   0x00000016   Code   RO        153  .text.GPIO_Reverse	Obj/FWlib_apt32f102_gpio.o
    0x00005076   0x00000010   Code   RO        154  .text.GPIO_Read_Status	Obj/FWlib_apt32f102_gpio.o
    0x00005088   0x0000003c   Code   RO        171  .text.LPT_DeInit	Obj/FWlib_apt32f102_lpt.o
    0x000050c4   0x0000002c   Code   RO        173  .text.LPT_Configure	Obj/FWlib_apt32f102_lpt.o
    0x000050f0   0x00000010   Code   RO        175  .text.LPT_Period_CMP_Write	Obj/FWlib_apt32f102_lpt.o
    0x00005100   0x00000010   Code   RO        186  .text.LPT_Start	Obj/FWlib_apt32f102_lpt.o
    0x00005110   0x00000010   Code   RO        187  .text.LPT_Stop 	Obj/FWlib_apt32f102_lpt.o
    0x00005120   0x0000001c   Code   RO        191  .text.LPT_ConfigInterrupt_CMD	Obj/FWlib_apt32f102_lpt.o
    0x0000513c   0x00000010   Code   RO        192  .text.LPT_INT_ENABLE	Obj/FWlib_apt32f102_lpt.o
    0x0000514c   0x00000018   Code   RO        235  .text.WWDT_CONFIG	Obj/FWlib_apt32f102_wwdt.o
    0x00005164   0x00000010   Code   RO        237  .text.WWDT_CNT_Load	Obj/FWlib_apt32f102_wwdt.o
    0x00005174   0x00000034   Code   RO        238  .text.WWDT_Int_Config	Obj/FWlib_apt32f102_wwdt.o
    0x000051a8   0x00000008   Code   RO        309  .text.BT_Stop  	Obj/FWlib_apt32f102_bt.o
    0x000051b0   0x00000010   Code   RO        373  .text.GPT_Stop 	Obj/FWlib_apt32f102_gpt.o
    0x000051c0   0x00000018   Code   RO        455  .text.UART1_DeInit	Obj/FWlib_apt32f102_uart.o
    0x000051d8   0x00000018   Code   RO        456  .text.UART2_DeInit	Obj/FWlib_apt32f102_uart.o
    0x000051f0   0x0000001c   Code   RO        459  .text.UART1_Int_Enable	Obj/FWlib_apt32f102_uart.o
    0x0000520c   0x0000001c   Code   RO        461  .text.UART2_Int_Enable	Obj/FWlib_apt32f102_uart.o
    0x00005228   0x00000010   Code   RO        462  .text.UART2_Int_Disable	Obj/FWlib_apt32f102_uart.o
    0x00005238   0x00000010   Code   RO        465  .text.UART1_WakeUp_Enable	Obj/FWlib_apt32f102_uart.o
    0x00005248   0x000000e8   Code   RO        469  .text.UART_IO_Init	Obj/FWlib_apt32f102_uart.o
    0x00005330   0x00000010   Code   RO        472  .text.UARTInitRxIntEn	Obj/FWlib_apt32f102_uart.o
    0x00005340   0x00000006   Code   RO        473  .text.UARTClose	Obj/FWlib_apt32f102_uart.o
    0x00005346   0x0000000e   Code   RO        474  .text.UARTTxByte	Obj/FWlib_apt32f102_uart.o
    0x00005354   0x00000018   Code   RO        494  .text.I2C_DeInit	Obj/FWlib_apt32f102_i2c.o
    0x0000536c   0x0000013c   Code   RO        496  .text.I2C_Slave_CONFIG	Obj/FWlib_apt32f102_i2c.o
    0x000054a8   0x00000014   Code   RO        497  .text.I2C_SDA_TSETUP_THOLD_CONFIG	Obj/FWlib_apt32f102_i2c.o
    0x000054bc   0x0000001c   Code   RO        498  .text.I2C_ConfigInterrupt_CMD	Obj/FWlib_apt32f102_i2c.o
    0x000054d8   0x00000010   Code   RO        499  .text.I2C_FIFO_TriggerData	Obj/FWlib_apt32f102_i2c.o
    0x000054e8   0x0000001c   Code   RO        501  .text.I2C_Enable	Obj/FWlib_apt32f102_i2c.o
    0x00005504   0x0000001c   Code   RO        502  .text.I2C_Disable	Obj/FWlib_apt32f102_i2c.o
    0x00005520   0x00000010   Code   RO        507  .text.I2C_Int_Enable	Obj/FWlib_apt32f102_i2c.o
    0x00005530   0x0000017c   Code   RO        513  .text.I2C_Slave_Receive	Obj/FWlib_apt32f102_i2c.o
    0x000056ac   0x00000020   Code   RO        530  .text.EPT_Software_Prg	Obj/FWlib_apt32f102_ept.o
    0x000056cc   0x00000028   Code   RO        531  .text.EPT_Start	Obj/FWlib_apt32f102_ept.o
    0x000056f4   0x00000028   Code   RO        532  .text.EPT_Stop 	Obj/FWlib_apt32f102_ept.o
    0x0000571c   0x00000228   Code   RO        533  .text.EPT_IO_SET	Obj/FWlib_apt32f102_ept.o
    0x00005944   0x00000034   Code   RO        534  .text.EPT_PWM_Config	Obj/FWlib_apt32f102_ept.o
    0x00005978   0x000000d8   Code   RO        541  .text.EPT_PWMX_Output_Control	Obj/FWlib_apt32f102_ept.o
    0x00005a50   0x0000001c   Code   RO        544  .text.EPT_PRDR_CMPA_CMPB_CMPC_CMPD_Config	Obj/FWlib_apt32f102_ept.o
    0x00005a6c   0x00000014   Code   RO        555  .text.EPT_Int_Enable	Obj/FWlib_apt32f102_ept.o
    0x00005a80   0x0000000c   Code   RO        559  .text.EPT_Vector_Int_Enable	Obj/FWlib_apt32f102_ept.o
    0x00005a8c   0x0000000c   Code   RO        560  .text.EPT_Vector_Int_Disable	Obj/FWlib_apt32f102_ept.o
    0x00005a98   0x0000006c   Code   RO        620  .text.ADC12_RESET_VALUE	Obj/FWlib_apt32f101_adc.o
    0x00005b04   0x00000010   Code   RO        621  .text.ADC12_Control	Obj/FWlib_apt32f101_adc.o
    0x00005b14   0x00000020   Code   RO        622  .text.ADC12_CMD.part.0	Obj/FWlib_apt32f101_adc.o
    0x00005b34   0x0000002c   Code   RO        625  .text.ADC12_CLK_CMD	Obj/FWlib_apt32f101_adc.o
    0x00005b60   0x00000028   Code   RO        627  .text.ADC12_CMD	Obj/FWlib_apt32f101_adc.o
    0x00005b88   0x00000014   Code   RO        628  .text.ADC12_ready_wait	Obj/FWlib_apt32f101_adc.o
    0x00005b9c   0x00000018   Code   RO        630  .text.ADC12_SEQEND_wait	Obj/FWlib_apt32f101_adc.o
    0x00005bb4   0x00000014   Code   RO        631  .text.ADC12_DATA_OUPUT	Obj/FWlib_apt32f101_adc.o
    0x00005bc8   0x0000007c   Code   RO        632  .text.ADC12_Configure_Mode	Obj/FWlib_apt32f101_adc.o
    0x00005c44   0x00000180   Code   RO        633  .text.ADC12_Configure_VREF_Selecte	Obj/FWlib_apt32f101_adc.o
    0x00005dc4   0x00000150   Code   RO        635  .text.ADC12_ConversionChannel_Config	Obj/FWlib_apt32f101_adc.o
    0x00005f14   0x00000068   Code   RO        693  .text.I2C_SLAVE_CONFIG	Obj/apt32f102_initial.o
    0x00005f7c   0x00000038   Code   RO        695  .text.UART1_CONFIG	Obj/apt32f102_initial.o
    0x00005fb4   0x00000018   Code   RO        696  .text.fputc    	Obj/apt32f102_initial.o
    0x00005fcc   0x00000080   Code   RO        701  .text.SYSCON_CONFIG	Obj/apt32f102_initial.o
    0x0000604c   0x00000070   Code   RO        702  .text.APT32F102_init	Obj/apt32f102_initial.o
    0x000060bc   0x00000018   Code   RO        719  .text.CORETHandler	Obj/apt32f102_interrupt.o
    0x000060d4   0x000000e4   Code   RO        720  .text.SYSCONIntHandler	Obj/apt32f102_interrupt.o
    0x000061b8   0x000000ec   Code   RO        721  .text.IFCIntHandler	Obj/apt32f102_interrupt.o
    0x000062a4   0x000000c0   Code   RO        722  .text.BT0IntHandler	Obj/apt32f102_interrupt.o
    0x00006364   0x00000150   Code   RO        723  .text.GPT0IntHandler	Obj/apt32f102_interrupt.o
    0x000064b4   0x0000004c   Code   RO        724  .text.WWDTHandler	Obj/apt32f102_interrupt.o
    0x00006500   0x00000048   Code   RO        725  .text.BT1IntHandler	Obj/apt32f102_interrupt.o
    0x00006548   0x00000070   Code   RO        726  .text.RTCIntHandler	Obj/apt32f102_interrupt.o
    0x000065b8   0x0000004c   Code   RO        727  .text.UART0IntHandler	Obj/apt32f102_interrupt.o
    0x00006604   0x00000090   Code   RO        728  .text.UART1IntHandler	Obj/apt32f102_interrupt.o
    0x00006694   0x00000014   Code   RO        729  .text.I2CIntHandler	Obj/apt32f102_interrupt.o
    0x000066a8   0x0000003c   Code   RO        730  .text.SPI0IntHandler	Obj/apt32f102_interrupt.o
    0x000066e4   0x00000084   Code   RO        731  .text.SIO0IntHandler	Obj/apt32f102_interrupt.o
    0x00006768   0x00000054   Code   RO        732  .text.EXI9to13IntHandler	Obj/apt32f102_interrupt.o
    0x000067bc   0x00000002   Code   RO        733  .text.PriviledgeVioHandler	Obj/apt32f102_interrupt.o
    0x000067be   0x00000008   Code   RO        735  .text.PendTrapHandler	Obj/apt32f102_interrupt.o
    0x000067c6   0x00000008   Code   RO        736  .text.Trap3Handler	Obj/apt32f102_interrupt.o
    0x000067ce   0x00000008   Code   RO        737  .text.Trap2Handler	Obj/apt32f102_interrupt.o
    0x000067d6   0x00000008   Code   RO        738  .text.Trap1Handler	Obj/apt32f102_interrupt.o
    0x000067de   0x00000008   Code   RO        739  .text.Trap0Handler	Obj/apt32f102_interrupt.o
    0x000067e6   0x00000008   Code   RO        740  .text.UnrecExecpHandler	Obj/apt32f102_interrupt.o
    0x000067ee   0x00000008   Code   RO        741  .text.BreakPointHandler	Obj/apt32f102_interrupt.o
    0x000067f6   0x00000008   Code   RO        742  .text.AccessErrHandler	Obj/apt32f102_interrupt.o
    0x000067fe   0x00000008   Code   RO        743  .text.IllegalInstrHandler	Obj/apt32f102_interrupt.o
    0x00006806   0x00000008   Code   RO        744  .text.MisalignedHandler	Obj/apt32f102_interrupt.o
    0x0000680e   0x00000008   Code   RO        745  .text.TKEYIntHandler	Obj/apt32f102_interrupt.o
    0x00006816   0x00000008   Code   RO        746  .text.CNTAIntHandler	Obj/apt32f102_interrupt.o
    0x0000681e   0x00000008   Code   RO        747  .text.ADCIntHandler	Obj/apt32f102_interrupt.o
    0x00006828   0x0000016c   Code   RO        763  .text.startup.main	Obj/main.o
    0x00006994   0x0000002a   Code   RO        780  .text.delayus_Bycode	Obj/app_reset.o
    0x000069be   0x0000001c   Code   RO        781  .text.delayms_Bycode	Obj/app_reset.o
    0x000069dc   0x0000001c   Code   RO        782  .text.JumpToIAP	Obj/app_reset.o
    0x000069f8   0x00000024   Code   RO        783  .text.prog_uart_send	Obj/app_reset.o
    0x00006a1c   0x0000003c   Code   RO        784  .text.SendRstACK	Obj/app_reset.o
    0x00006a58   0x00000058   Code   RO        785  .text.wait_syncpin_release	Obj/app_reset.o
    0x00006ab0   0x00000040   Code   RO        786  .text.program_trig_check	Obj/app_reset.o
    0x00006af0   0x00000024   Code   RO        803  .text.__divsi3 	Obj/drivers_apt32f102.o
    0x00006b14   0x00000024   Code   RO        804  .text.__udivsi3	Obj/drivers_apt32f102.o
    0x00006b38   0x00000024   Code   RO        805  .text.__modsi3 	Obj/drivers_apt32f102.o
    0x00006b5c   0x00000024   Code   RO        806  .text.__umodsi3	Obj/drivers_apt32f102.o
    0x00006b80   0x00000006   Code   RO        824  .text.CK_CPU_EnAllNormalIrq	Obj/drivers_apt32f102_ck801.o
    0x00006b86   0x00000006   Code   RO        825  .text.CK_CPU_DisAllNormalIrq	Obj/drivers_apt32f102_ck801.o
    0x00006b8c   0x00000048   Code   RO        839  .text.LPT_Init 	Obj/drivers_platform_driver.o
    0x00006bd4   0x00000088   Code   RO        840  .text.led_hardware_setup	Obj/drivers_platform_driver.o
    0x00006c5c   0x000001e0   Code   RO        841  .text.EPT0IntHandler	Obj/drivers_platform_driver.o
    0x00006e3c   0x00000078   Code   RO        842  .text.adc_hardware_setup	Obj/drivers_platform_driver.o
    0x00006eb4   0x00000114   Code   RO        843  .text.charging_hardware_setup	Obj/drivers_platform_driver.o
    0x00006fc8   0x000000b8   Code   RO        844  .text.communicate_hardware_setup	Obj/drivers_platform_driver.o
    0x00007080   0x000000a4   Code   RO        845  .text.ReduceSYSCLKto5556KHZ	Obj/drivers_platform_driver.o
    0x00007124   0x00000020   Code   RO        846  .text.EXI1IntHandler	Obj/drivers_platform_driver.o
    0x00007144   0x00000050   Code   RO        847  .text.EXI4to8IntHandler	Obj/drivers_platform_driver.o
    0x00007194   0x000000d4   Code   RO        863  .text.UART2IntHandler	Obj/APP_app_communicate.o
    0x00007268   0x00000080   Code   RO        864  .text.handle_uart2_recv_data	Obj/APP_app_communicate.o
    0x000072e8   0x00000040   Code   RO        865  .text.IO_port_analog_uart_send_data	Obj/APP_app_communicate.o
    0x00007328   0x00000020   Code   RO        866  .text.send_communicate_event	Obj/APP_app_communicate.o
    0x00007348   0x0000002c   Code   RO        867  .text.communicate_event_get	Obj/APP_app_communicate.o
    0x00007374   0x000000dc   Code   RO        868  .text.communicate_process_handle	Obj/APP_app_communicate.o
    0x00007450   0x00000050   Code   RO        869  .text.pwr_key_handle	Obj/APP_app_communicate.o
    0x000074a0   0x00000020   Code   RO        870  .text.send_key_event	Obj/APP_app_communicate.o
    0x000074c0   0x00000030   Code   RO        871  .text.key_event_get	Obj/APP_app_communicate.o
    0x000074f0   0x00000026   Code   RO        872  .text.app_key_event_handle	Obj/APP_app_communicate.o
    0x00007518   0x00000018   Code   RO        873  .text.key_scanf	Obj/APP_app_communicate.o
    0x00007530   0x000000d0   Code   RO        874  .text.key_debounce_handler	Obj/APP_app_communicate.o
    0x00007600   0x00000030   Code   RO        892  .text.app_stop_100_millisecond_timer	Obj/APP_app_battery.o
    0x00007630   0x00000030   Code   RO        893  .text.app_start_100_millisecond_timer	Obj/APP_app_battery.o
    0x00007660   0x00000040   Code   RO        896  .text.app_100_millisecond_timer_check	Obj/APP_app_battery.o
    0x000076a0   0x000000ac   Code   RO        897  .text.pogo_pin_output_contrl	Obj/APP_app_battery.o
    0x0000774c   0x00000024   Code   RO        898  .text.EarphoneWakeUp	Obj/APP_app_battery.o
    0x00007770   0x0000002c   Code   RO        899  .text.app_charge_type_get	Obj/APP_app_battery.o
    0x0000779c   0x00000020   Code   RO        902  .text.battery_power_update	Obj/APP_app_battery.o
    0x000077bc   0x00000058   Code   RO        904  .text.battery_level_calculate	Obj/APP_app_battery.o
    0x00007814   0x00000020   Code   RO        908  .text.ntc_status_update	Obj/APP_app_battery.o
    0x00007834   0x000000b0   Code   RO        909  .text.charge_current_control	Obj/APP_app_battery.o
    0x000078e4   0x00000070   Code   RO        910  .text.ntc_status_measure	Obj/APP_app_battery.o
    0x00007954   0x000000f0   Code   RO        911  .text.app_deinit	Obj/APP_app_battery.o
    0x00007a44   0x00000034   Code   RO        912  .text.adc_get_val	Obj/APP_app_battery.o
    0x00007a78   0x00000090   Code   RO        913  .text.BatteryPowerCheck	Obj/APP_app_battery.o
    0x00007b08   0x0000008c   Code   RO        914  .text.NTCStatusCheck	Obj/APP_app_battery.o
    0x00007b94   0x000000d4   Code   RO        915  .text.EarphoneStatusCheck	Obj/APP_app_battery.o
    0x00007c68   0x000000e8   Code   RO        916  .text.EarphoneOvercurrentCheck	Obj/APP_app_battery.o
    0x00007d50   0x00000130   Code   RO        917  .text.app_recover	Obj/APP_app_battery.o
    0x00007e80   0x0000005c   Code   RO        918  .text.system_goto_deepsleep_mode	Obj/APP_app_battery.o
    0x00007edc   0x00000028   Code   RO        919  .text.system_shutdown	Obj/APP_app_battery.o
    0x00007f04   0x00000018   Code   RO        920  .text.is_hall_active	Obj/APP_app_battery.o
    0x00007f1c   0x00000034   Code   RO        921  .text.charging_case_battery_indication_handle	Obj/APP_app_battery.o
    0x00007f50   0x00000078   Code   RO        922  .text.is_earphone_fully_charged	Obj/APP_app_battery.o
    0x00007fc8   0x000001f0   Code   RO        923  .text.box_open_close_handle_progress	Obj/APP_app_battery.o
    0x000081b8   0x000000a4   Code   RO        924  .text.app_battery_handle_process_normal	Obj/APP_app_battery.o
    0x0000825c   0x00000290   Code   RO        925  .text.app_battery_handle_process_charge	Obj/APP_app_battery.o
    0x000084ec   0x00000020   Code   RO        926  .text.app_battery_handle_process	Obj/APP_app_battery.o
    0x0000850c   0x00000078   Code   RO        927  .text.EXI2to3IntHandler	Obj/APP_app_battery.o
    0x00008584   0x0000006c   Code   RO        928  .text.EXI0IntHandler	Obj/APP_app_battery.o
    0x000085f0   0x00000048   Code   RO        946  .text.app_close_all_led	Obj/APP_app_status_ind.o
    0x00008638   0x0000001c   Code   RO        947  .text.app_red_led_turn_solid	Obj/APP_app_status_ind.o
    0x00008654   0x0000001c   Code   RO        948  .text.app_green_led_turn_solid	Obj/APP_app_status_ind.o
    0x00008670   0x0000001c   Code   RO        949  .text.app_blue_led_turn_solid	Obj/APP_app_status_ind.o
    0x0000868c   0x00000058   Code   RO        950  .text.app_red_led_pwm_contrl	Obj/APP_app_status_ind.o
    0x000086e4   0x00000058   Code   RO        951  .text.app_green_led_pwm_contrl	Obj/APP_app_status_ind.o
    0x0000873c   0x00000030   Code   RO        952  .text.app_status_indication_set	Obj/APP_app_status_ind.o
    0x0000876c   0x0000000c   Code   RO        953  .text.app_status_indication_get	Obj/APP_app_status_ind.o
    0x00008778   0x00000210   Code   RO        954  .text.app_status_handle_process	Obj/APP_app_status_ind.o
    0x00008988   0x000000c0   Code   RO        972  .text.timer_count	Obj/APP_app_state_machine.o
    0x00008a48   0x00000044   Code   RO        973  .text.LPTIntHandler	Obj/APP_app_state_machine.o
    0x00008a8c   0x00000026   Code   RO        989  .text.Coret_Init	Obj/app_app_delay.o
    0x00008ab4   0x00000028   Code   RO        990  .text.StartTimer	Obj/app_app_delay.o
    0x00008adc   0x000000a8   Code   RO        992  .text.Coret_DelayMs	Obj/app_app_delay.o
    0x00008b84   0x0000001c   Data   RO        787  .rodata        	Obj/app_reset.o
    0x00008ba0   0x0000003a   Data   RO        875  .rodata        	Obj/APP_app_communicate.o
    0x00008bda   0x000000ff   Data   RO        929  .rodata        	Obj/APP_app_battery.o
    0x00008cd9   0x0000001a   Data   RO        955  .rodata        	Obj/APP_app_status_ind.o
    0x00008cf3   0x00000001   PAD
    0x00008cf4   0x00000010   Data   RO       1081  .rodata        	_thenan_sf.o
    0x00008d04   0x00000014   Data   RO       1130  .rodata        	_thenan_df.o
    0x00008d18   0x00000100   Data   RO       1144  .rodata        	_clz.o
    0x00008e18   0x00000020   Data   RO       1412  .rodata        	__v2_printfDFHLlMOPpSSsWp.o
    0x00008e38   0x00000240   Data   RO       1503  .rodata        	strerror.o
    0x00009078   0x00000050   Data   RO        764  .rodata.str1.1 	Obj/main.o
    0x000090c8   0x0000001b   Data   RO        876  .rodata.str1.1 	Obj/APP_app_communicate.o
    0x000090e3   0x00000236   Data   RO        930  .rodata.str1.1 	Obj/APP_app_battery.o
    0x00009319   0x00000022   Data   RO       1413  .rodata.str1.1 	__v2_printfDFHLlMOPpSSsWp.o
    0x0000933b   0x00000008   Data   RO       1479  .rodata.str1.1 	__dtostr.o
    0x00009343   0x00000787   Data   RO       1504  .rodata.str1.1 	strerror.o
    0x00009aca   0x00000002   PAD

    Region RAM (Base: 0x20000000, Size: 0x00000374, Max: 0x00001000)

    Base Addr    Size         Type   Attr      Idx   Section Name       Object
    0x20000000   0x00000004   Data   RW        676  .data          	Obj/apt32f102_initial.o
    0x20000004   0x00000064   Data   RW        801  .data          	Obj/drivers_apt32f102.o
    0x20000068   0x000000c0   Data   RW        861  .data          	Obj/APP_app_communicate.o
    0x20000128   0x000000a0   Data   RW        890  .data          	Obj/APP_app_battery.o
    0x200001c8   0x0000000c   Data   RW        944  .data          	Obj/APP_app_status_ind.o
    0x200001d4   0x00000060   Data   RW       1218  .data          	stdinit.o
    0x20000234   0x00000002   Zero   RW        453  .bss           	Obj/FWlib_apt32f102_uart.o
    0x20000236   0x00000003   Zero   RW        493  .bss           	Obj/FWlib_apt32f102_i2c.o
    0x20000239   0x00000002   Zero   RW        653  .bss           	Obj/FWlib_apt32f101_ifc.o
    0x2000023b   0x00000009   Zero   RW        718  .bss           	Obj/apt32f102_interrupt.o
    0x20000244   0x00000024   Zero   RW        779  .bss           	Obj/app_reset.o
    0x20000268   0x00000003   Zero   RW        838  .bss           	Obj/drivers_platform_driver.o
    0x2000026b   0x00000001   PAD
    0x2000026c   0x0000001c   Zero   RW        862  .bss           	Obj/APP_app_communicate.o
    0x20000288   0x0000000d   Zero   RW        891  .bss           	Obj/APP_app_battery.o
    0x20000295   0x00000001   PAD
    0x20000296   0x00000004   Zero   RW        945  .bss           	Obj/APP_app_status_ind.o
    0x2000029a   0x0000000e   Zero   RW        971  .bss           	Obj/APP_app_state_machine.o
    0x200002a8   0x00000046   Zero   RW        526  COMMON         	Obj/FWlib_apt32f102_i2c.o
    0x200002ee   0x00000002   PAD
    0x200002f0   0x00000005   Zero   RW        674  COMMON         	Obj/FWlib_apt32f101_ifc.o
    0x200002f5   0x00000003   PAD
    0x200002f8   0x0000006c   Zero   RW        759  COMMON         	Obj/apt32f102_interrupt.o
    0x20000364   0x00000001   Zero   RW        985  COMMON         	Obj/APP_app_state_machine.o
    0x20000365   0x00000003   PAD
    0x20000368   0x00000004   Zero   RW       1005  COMMON         	Obj/app_app_delay.o
    0x2000036c   0x00000008   Zero   RW       1475  COMMON         	minilibc_init.o

    Region *default* (Base: 0x00000000, Size: 0x00000000, Max: 0xffffffff)


======================================================================

Image component sizes

       Code    RO Data    RW Data    ZI Data      Debug   Object Name

          0          0          0          0          0   linker stubs
        432          0          0          0        423   Obj/arch_crt0.o
         56          0          0          0        881   Obj/arch_mem_init.o
        892          0          0          0      19482   Obj/FWlib_apt32f102_syscon.o
        116          0          0          0       8610   Obj/FWlib_apt32f102_coret.o
       1028          0          0          0      13299   Obj/FWlib_apt32f102_gpio.o
        196          0          0          0      13692   Obj/FWlib_apt32f102_lpt.o
          0          0          0          0          0   Obj/FWlib_apt32f102_crc.o
         92          0          0          0       8525   Obj/FWlib_apt32f102_wwdt.o
          0          0          0          0          0   Obj/FWlib_apt32f102_countera.o
          0          0          0          0          0   Obj/FWlib_apt32f102_et.o
          8          0          0          0      11835   Obj/FWlib_apt32f102_bt.o
          0          0          0          0          0   Obj/FWlib_apt32f102_hwdiv.o
         16          0          0          0      20059   Obj/FWlib_apt32f102_gpt.o
          0          0          0          0          0   Obj/FWlib_apt32f102_sio.o
          0          0          0          0          0   Obj/FWlib_apt32f102_spi.o
        404          0          0          2      11483   Obj/FWlib_apt32f102_uart.o
        856          0          0         73      12938   Obj/FWlib_apt32f102_i2c.o
       1004          0          0          0      28372   Obj/FWlib_apt32f102_ept.o
          0          0          0          0          0   Obj/FWlib_apt32f102_rtc.o
       1148          0          0          0      14026   Obj/FWlib_apt32f101_adc.o
          0          0          0          7      16105   Obj/FWlib_apt32f101_ifc.o
        424          0          4          0      19300   Obj/apt32f102_initial.o
       1898          0          0        117      11936   Obj/apt32f102_interrupt.o
        364         80          0          0       9696   Obj/main.o
        346         28          0         36       9742   Obj/app_reset.o
        144          0        100          0       8564   Obj/drivers_apt32f102.o
         12          0          0          0       8517   Obj/drivers_apt32f102_ck801.o
       1544          0          0          3      12274   Obj/drivers_platform_driver.o
       1130         85        192         28      13744   Obj/APP_app_communicate.o
       4080        821        160         13      19366   Obj/APP_app_battery.o
        920         35         12          4      10661   Obj/APP_app_status_ind.o
        260          0          0         15       9013   Obj/APP_app_state_machine.o
        246          0          0          4       8827   Obj/app_app_delay.o
          0          0          0          0          0   Obj/__rt_entry.o
	------------------------------------------------------------
      17616       1049        468        302     321370   Object Totals
         16          3          0         10          0   Pad
          0          0          0          0          0   LD_GEN

	------------------------------------------------------------
    [Library Name]: d:/c-sky/cdk/csky/mingw/csky-abiv2-elf-toolchain/bin/../lib/gcc/csky-elfabiv2/6.3.0/ck801\libgcc.a
	------------------------------------------------------------
       Code    RO Data    RW Data    ZI Data      Debug   Library Member Name

         20          0          0          0          0   _csky_case_uqi.o
         26          0          0          0          0   _csky_case_uhi.o
         68          0          0          0          0   _muldi3.o
         56          0          0          0          0   _fixunsdfsi.o
        940          0          0          0          0   _udivdi3.o
        928          0          0          0          0   _umoddi3.o
        426          0          0          0          0   _addsub_sf.o
        188          0          0          0          0   _div_sf.o
         84          0          0          0          0   _sf_to_si.o
          0         16          0          0          0   _thenan_sf.o
         96          0          0          0          0   _usi_to_sf.o
        826          0          0          0          0   _addsub_df.o
        564          0          0          0          0   _mul_df.o
        340          0          0          0          0   _div_df.o
         60          0          0          0          0   _ge_df.o
        112          0          0          0          0   _df_to_si.o
          0         20          0          0          0   _thenan_df.o
         84          0          0          0          0   _usi_to_df.o
          0        256          0          0          0   _clz.o
         64          0          0          0          0   _clzsi2.o
        184          0          0          0          0   _pack_sf.o
        132          0          0          0          0   _unpack_sf.o
        412          0          0          0          0   _pack_df.o
        196          0          0          0          0   _unpack_df.o
        140          0          0          0          0   _fpcmp_parts_df.o
	------------------------------------------------------------
       5946        292          0          0          0   Library Totals
          0          0          0          0          0   Pad
          0          0          0          0          0   LD_GEN

	------------------------------------------------------------
    [Library Name]: d:/c-sky/cdk/csky/mingw/csky-abiv2-elf-toolchain/bin/../lib/gcc/csky-elfabiv2/6.3.0/../../../../csky-elfabiv2/lib/ck801\libc.a
	------------------------------------------------------------
       Code    RO Data    RW Data    ZI Data      Debug   Library Member Name

         34          0          0          0          0   printf_required.o
         24          0          0          0          0   puts.o
         84          0          0          0          0   vprintf_required.o
          0          0         96          0          0   stdinit.o
         72          0          0          0          0   fputs.o
        136          0          0          0          0   memset_fast.o
         82          0          0          0          0   strlen_fast.o
         36          0          0          0          0   strstr.o
        100          0          0          0          0   memcpy_fast.o
         16          0          0          0          0   critical.o
       1880         66          0          0          0   __v2_printfDFHLlMOPpSSsWp.o
          0          0          0          8          0   minilibc_init.o
        864          8          0          0          0   __dtostr.o
         48          0          0          0          0   __isnan.o
        176          0          0          0          0   strcpy_fast.o
         18          0          0          0          0   strchr.o
         28       2503          0          0          0   strerror.o
         48          0          0          0          0   __isinf.o
	------------------------------------------------------------
       3646       2577         96          8          0   Library Totals
          0          0          0          0          0   Pad
          0          0          0          0          0   LD_GEN

	------------------------------------------------------------
    [Library Name]: d:/c-sky/cdk/csky/mingw/csky-abiv2-elf-toolchain/bin/../lib/gcc/csky-elfabiv2/6.3.0/ck801\libgcc.a
	------------------------------------------------------------
       Code    RO Data    RW Data    ZI Data      Debug   Library Member Name

         58          0          0          0          0   _eq_df.o
         60          0          0          0          0   _gt_df.o
         58          0          0          0          0   _lt_df.o
        112          0          0          0          0   _si_to_df.o
	------------------------------------------------------------
        288          0          0          0          0   Library Totals
          0          0          0          0          0   Pad
          0          0          0          0          0   LD_GEN

	------------------------------------------------------------

======================================================================


       Code    RO Data    RW Data    ZI Data      Debug
      27512       3921        564        320     321370   Grand Totals
      27512       3921        564        320     321370   Elf Image Totals
      27512       3921        564          0          0   ROM Totals

======================================================================

Total	RO	Size (Code + RO Data)				31433 (  30.70kB)
Total	RW	Size (RW Data + ZI Data)			884 (  0.86kB)
Total	ROM	Size (Code + RO Data + RW Data)		31997 (  31.25kB)

======================================================================
